#
# There is insufficient memory for the Java Runtime Environment to continue.
# Native memory allocation (mmap) failed to map 94371840 bytes. Error detail: G1 virtual space
# Possible reasons:
#   The system is out of physical RAM or swap space
#   This process is running with CompressedOops enabled, and the Java Heap may be blocking the growth of the native heap
# Possible solutions:
#   Reduce memory load on the system
#   Increase physical memory or swap space
#   Check if swap backing store is full
#   Decrease Java heap size (-Xmx/-Xms)
#   Decrease number of Java threads
#   Decrease Java thread stack sizes (-Xss)
#   Set larger code cache with -XX:ReservedCodeCacheSize=
#   JVM is running with Unscaled Compressed Oops mode in which the Java heap is
#     placed in the first 4GB address space. The Java Heap base address is the
#     maximum limit for the native heap growth. Please use -XX:HeapBaseMinAddress
#     to set the Java Heap base and to place the Java Heap above 4GB virtual address.
# This output file may be truncated or incomplete.
#
#  Out of Memory Error (os_windows.cpp:3618), pid=24956, tid=23452
#
# JRE version: OpenJDK Runtime Environment Temurin-17.0.16+8 (17.0.16+8) (build 17.0.16+8)
# Java VM: OpenJDK 64-Bit Server VM Temurin-17.0.16+8 (17.0.16+8, mixed mode, emulated-client, sharing, tiered, compressed oops, compressed class ptrs, g1 gc, windows-amd64)
# No core dump will be written. Minidumps are not enabled by default on client versions of Windows
#

---------------  S U M M A R Y ------------

Command Line: -XX:TieredStopAtLevel=1 com.example.demo.DemoApplication

Host: AMD Ryzen 5 3450U with Radeon Vega Mobile Gfx  , 8 cores, 5G,  Windows 11 , 64 bit Build 26100 (10.0.26100.8521)
Time: Thu Jun 25 08:30:55 2026 India Standard Time elapsed time: 14.517079 seconds (0d 0h 0m 14s)

---------------  T H R E A D  ---------------

Current thread (0x0000026ac5910a70):  VMThread "VM Thread" [stack: 0x0000007108900000,0x0000007108a00000] [id=23452]

Stack: [0x0000007108900000,0x0000007108a00000]
Native frames: (J=compiled Java code, j=interpreted, Vv=VM code, C=native code)
V  [jvm.dll+0x683169]
V  [jvm.dll+0x839ac8]
V  [jvm.dll+0x83b573]
V  [jvm.dll+0x83bbe3]
V  [jvm.dll+0x2473ff]
V  [jvm.dll+0x67ff49]
V  [jvm.dll+0x674e3a]
V  [jvm.dll+0x304ea6]
V  [jvm.dll+0x30c366]
V  [jvm.dll+0x35deee]
V  [jvm.dll+0x35e12d]
V  [jvm.dll+0x2dc26c]
V  [jvm.dll+0x2da60f]
V  [jvm.dll+0x2d9d7c]
V  [jvm.dll+0x31d55b]
V  [jvm.dll+0x84041d]
V  [jvm.dll+0x841153]
V  [jvm.dll+0x84167f]
V  [jvm.dll+0x841a64]
V  [jvm.dll+0x841b2e]
V  [jvm.dll+0x7e979c]
V  [jvm.dll+0x682047]
C  [ucrtbase.dll+0x2cd30]
C  [KERNEL32.DLL+0x2e957]
C  [ntdll.dll+0x87c1c]

VM_Operation (0x00000071083f6cd0): G1CollectForAllocation, mode: safepoint, requested by thread 0x0000026ab2a79eb0


---------------  P R O C E S S  ---------------

Threads class SMR info:
_java_thread_list=0x0000026b0bb70940, length=16, elements={
0x0000026ab2a79eb0, 0x0000026ac5916b20, 0x0000026ac5917e60, 0x0000026ac5937c40,
0x0000026ac5938210, 0x0000026ac59397f0, 0x0000026ac593ddd0, 0x0000026ac5940f50,
0x0000026ac593fa80, 0x0000026ac5b6bf30, 0x0000026ac5b8e870, 0x0000026ac5ba5b90,
0x0000026ac5baa4e0, 0x0000026b0c00d0a0, 0x0000026b0c00e820, 0x0000026b0c133060
}

Java Threads: ( => current thread )
  0x0000026ab2a79eb0 JavaThread "main" [_thread_blocked, id=28420, stack(0x0000007108300000,0x0000007108400000)]
  0x0000026ac5916b20 JavaThread "Reference Handler" daemon [_thread_blocked, id=10360, stack(0x0000007108a00000,0x0000007108b00000)]
  0x0000026ac5917e60 JavaThread "Finalizer" daemon [_thread_blocked, id=30512, stack(0x0000007108b00000,0x0000007108c00000)]
  0x0000026ac5937c40 JavaThread "Signal Dispatcher" daemon [_thread_blocked, id=10168, stack(0x0000007108c00000,0x0000007108d00000)]
  0x0000026ac5938210 JavaThread "Attach Listener" daemon [_thread_blocked, id=8824, stack(0x0000007108d00000,0x0000007108e00000)]
  0x0000026ac59397f0 JavaThread "Service Thread" daemon [_thread_blocked, id=10812, stack(0x0000007108e00000,0x0000007108f00000)]
  0x0000026ac593ddd0 JavaThread "Monitor Deflation Thread" daemon [_thread_blocked, id=24332, stack(0x0000007108f00000,0x0000007109000000)]
  0x0000026ac5940f50 JavaThread "C1 CompilerThread0" daemon [_thread_blocked, id=14828, stack(0x0000007109000000,0x0000007109100000)]
  0x0000026ac593fa80 JavaThread "Sweeper thread" daemon [_thread_blocked, id=29948, stack(0x0000007109100000,0x0000007109200000)]
  0x0000026ac5b6bf30 JavaThread "C1 CompilerThread1" daemon [_thread_blocked, id=23632, stack(0x0000007109200000,0x0000007109300000)]
  0x0000026ac5b8e870 JavaThread "C1 CompilerThread2" daemon [_thread_blocked, id=27068, stack(0x0000007109300000,0x0000007109400000)]
  0x0000026ac5ba5b90 JavaThread "Notification Thread" daemon [_thread_blocked, id=17672, stack(0x0000007109400000,0x0000007109500000)]
  0x0000026ac5baa4e0 JavaThread "Common-Cleaner" daemon [_thread_blocked, id=7860, stack(0x0000007109600000,0x0000007109700000)]
  0x0000026b0c00d0a0 JavaThread "PostgreSQL-JDBC-Cleaner" daemon [_thread_blocked, id=9748, stack(0x000000710a000000,0x000000710a100000)]
  0x0000026b0c00e820 JavaThread "HikariPool-1:housekeeper" daemon [_thread_blocked, id=8672, stack(0x000000710a100000,0x000000710a200000)]
  0x0000026b0c133060 JavaThread "HikariPool-1:connection-adder" daemon [_thread_blocked, id=1856, stack(0x000000710a200000,0x000000710a300000)]

Other Threads:
=>0x0000026ac5910a70 VMThread "VM Thread" [stack: 0x0000007108900000,0x0000007108a00000] [id=23452]
  0x0000026ac5baa090 WatcherThread [stack: 0x0000007109500000,0x0000007109600000] [id=21568]
  0x0000026ab2acf480 GCTaskThread "GC Thread#0" [stack: 0x0000007108400000,0x0000007108500000] [id=5264]
  0x0000026b0b4594a0 GCTaskThread "GC Thread#1" [stack: 0x0000007109700000,0x0000007109800000] [id=24212]
  0x0000026b0b46e940 GCTaskThread "GC Thread#2" [stack: 0x0000007109800000,0x0000007109900000] [id=3268]
  0x0000026b0b48ae00 GCTaskThread "GC Thread#3" [stack: 0x0000007109900000,0x0000007109a00000] [id=23048]
  0x0000026b0b48d0d0 GCTaskThread "GC Thread#4" [stack: 0x0000007109a00000,0x0000007109b00000] [id=13336]
  0x0000026b0b491c30 GCTaskThread "GC Thread#5" [stack: 0x0000007109c00000,0x0000007109d00000] [id=7920]
  0x0000026b0b4929f0 GCTaskThread "GC Thread#6" [stack: 0x0000007109d00000,0x0000007109e00000] [id=22124]
  0x0000026b0b4916b0 GCTaskThread "GC Thread#7" [stack: 0x0000007109e00000,0x0000007109f00000] [id=24432]
  0x0000026ab2adc050 ConcurrentGCThread "G1 Main Marker" [stack: 0x0000007108500000,0x0000007108600000] [id=29216]
  0x0000026ab2addee0 ConcurrentGCThread "G1 Conc#0" [stack: 0x0000007108600000,0x0000007108700000] [id=23548]
  0x0000026b0b491ef0 ConcurrentGCThread "G1 Conc#1" [stack: 0x0000007109b00000,0x0000007109c00000] [id=17904]
  0x0000026ac57d20b0 ConcurrentGCThread "G1 Refine#0" [stack: 0x0000007108700000,0x0000007108800000] [id=25864]
  0x0000026b0c682780 ConcurrentGCThread "G1 Refine#1" [stack: 0x000000710a300000,0x000000710a400000] [id=28656]
  0x0000026ac57d2590 ConcurrentGCThread "G1 Service" [stack: 0x0000007108800000,0x0000007108900000] [id=29332]

Threads with active compile tasks:

VM state: at safepoint (normal execution)

VM Mutex/Monitor currently owned by a thread:  ([mutex/lock_event])
[0x0000026ab2a74be0] Threads_lock - owner thread: 0x0000026ac5910a70
[0x0000026ab2a74d00] Heap_lock - owner thread: 0x0000026ab2a79eb0

Heap address: 0x00000000a1c00000, size: 1508 MB, Compressed Oops mode: 32-bit

CDS archive(s) mapped at: [0x0000026ac6000000-0x0000026ac6bb0000-0x0000026ac6bb0000), size 12255232, SharedBaseAddress: 0x0000026ac6000000, ArchiveRelocationMode: 1.
Compressed class space mapped at: 0x0000026ac7000000-0x0000026b07000000, reserved size: 1073741824
Narrow klass base: 0x0000026ac6000000, Narrow klass shift: 0, Narrow klass range: 0x100000000

GC Precious Log:
 CPUs: 8 total, 8 available
 Memory: 6030M
 Large Page Support: Disabled
 NUMA Support: Disabled
 Compressed Oops: Enabled (32-bit)
 Heap Region Size: 1M
 Heap Min Capacity: 8M
 Heap Initial Capacity: 96M
 Heap Max Capacity: 1508M
 Pre-touch: Disabled
 Parallel Workers: 8
 Concurrent Workers: 2
 Concurrent Refinement Workers: 8
 Periodic GC: Disabled

Heap:
 garbage-first heap   total 98304K, used 48979K [0x00000000a1c00000, 0x0000000100000000)
  region size 1024K, 2 young (2048K), 2 survivors (2048K)
 Metaspace       used 59346K, committed 59904K, reserved 1114112K
  class space    used 8811K, committed 9024K, reserved 1048576K

Heap Regions: E=young(eden), S=young(survivor), O=old, HS=humongous(starts), HC=humongous(continues), CS=collection set, F=free, OA=open archive, CA=closed archive, TAMS=top-at-mark-start (previous, next)
|   0|0x00000000a1c00000, 0x00000000a1d00000, 0x00000000a1d00000|100%|HS|  |TAMS 0x00000000a1d00000, 0x00000000a1c00000| Complete 
|   1|0x00000000a1d00000, 0x00000000a1e00000, 0x00000000a1e00000|100%|HS|  |TAMS 0x00000000a1e00000, 0x00000000a1d00000| Complete 
|   2|0x00000000a1e00000, 0x00000000a1f00000, 0x00000000a1f00000|100%| O|  |TAMS 0x00000000a1f00000, 0x00000000a1e00000| Untracked 
|   3|0x00000000a1f00000, 0x00000000a2000000, 0x00000000a2000000|100%| O|  |TAMS 0x00000000a2000000, 0x00000000a1f00000| Untracked 
|   4|0x00000000a2000000, 0x00000000a2100000, 0x00000000a2100000|100%| O|  |TAMS 0x00000000a2100000, 0x00000000a2000000| Untracked 
|   5|0x00000000a2100000, 0x00000000a2200000, 0x00000000a2200000|100%| O|  |TAMS 0x00000000a2200000, 0x00000000a2100000| Untracked 
|   6|0x00000000a2200000, 0x00000000a2300000, 0x00000000a2300000|100%| O|  |TAMS 0x00000000a2300000, 0x00000000a2200000| Untracked 
|   7|0x00000000a2300000, 0x00000000a2400000, 0x00000000a2400000|100%| O|  |TAMS 0x00000000a2400000, 0x00000000a2300000| Updating 
|   8|0x00000000a2400000, 0x00000000a2500000, 0x00000000a2500000|100%| O|  |TAMS 0x00000000a2500000, 0x00000000a2400000| Untracked 
|   9|0x00000000a2500000, 0x00000000a2600000, 0x00000000a2600000|100%| O|  |TAMS 0x00000000a2600000, 0x00000000a2500000| Untracked 
|  10|0x00000000a2600000, 0x00000000a2700000, 0x00000000a2700000|100%| O|  |TAMS 0x00000000a2700000, 0x00000000a2600000| Untracked 
|  11|0x00000000a2700000, 0x00000000a2800000, 0x00000000a2800000|100%| O|  |TAMS 0x00000000a2800000, 0x00000000a2700000| Untracked 
|  12|0x00000000a2800000, 0x00000000a2900000, 0x00000000a2900000|100%| O|  |TAMS 0x00000000a2900000, 0x00000000a2800000| Updating 
|  13|0x00000000a2900000, 0x00000000a29d4e00, 0x00000000a2a00000| 83%| O|  |TAMS 0x00000000a29d4e00, 0x00000000a2900000| Updating 
|  14|0x00000000a2a00000, 0x00000000a2b00000, 0x00000000a2b00000|100%| O|  |TAMS 0x00000000a2b00000, 0x00000000a2a00000| Untracked 
|  15|0x00000000a2b00000, 0x00000000a2c00000, 0x00000000a2c00000|100%| O|  |TAMS 0x00000000a2c00000, 0x00000000a2b00000| Untracked 
|  16|0x00000000a2c00000, 0x00000000a2d00000, 0x00000000a2d00000|100%| O|  |TAMS 0x00000000a2d00000, 0x00000000a2c00000| Untracked 
|  17|0x00000000a2d00000, 0x00000000a2e00000, 0x00000000a2e00000|100%| O|  |TAMS 0x00000000a2e00000, 0x00000000a2d00000| Untracked 
|  18|0x00000000a2e00000, 0x00000000a2f00000, 0x00000000a2f00000|100%| O|  |TAMS 0x00000000a2f00000, 0x00000000a2e00000| Untracked 
|  19|0x00000000a2f00000, 0x00000000a3000000, 0x00000000a3000000|100%| O|  |TAMS 0x00000000a3000000, 0x00000000a2f00000| Updating 
|  20|0x00000000a3000000, 0x00000000a3100000, 0x00000000a3100000|100%| O|  |TAMS 0x00000000a3100000, 0x00000000a3000000| Untracked 
|  21|0x00000000a3100000, 0x00000000a3200000, 0x00000000a3200000|100%| O|  |TAMS 0x00000000a3200000, 0x00000000a3100000| Untracked 
|  22|0x00000000a3200000, 0x00000000a3300000, 0x00000000a3300000|100%| O|  |TAMS 0x00000000a3300000, 0x00000000a3200000| Updating 
|  23|0x00000000a3300000, 0x00000000a3400000, 0x00000000a3400000|100%| O|  |TAMS 0x00000000a3400000, 0x00000000a3300000| Untracked 
|  24|0x00000000a3400000, 0x00000000a3500000, 0x00000000a3500000|100%| O|  |TAMS 0x00000000a3500000, 0x00000000a3400000| Untracked 
|  25|0x00000000a3500000, 0x00000000a3600000, 0x00000000a3600000|100%| O|  |TAMS 0x00000000a3600000, 0x00000000a3500000| Untracked 
|  26|0x00000000a3600000, 0x00000000a3700000, 0x00000000a3700000|100%| O|  |TAMS 0x00000000a3700000, 0x00000000a3600000| Untracked 
|  27|0x00000000a3700000, 0x00000000a3800000, 0x00000000a3800000|100%| O|  |TAMS 0x00000000a3800000, 0x00000000a3700000| Untracked 
|  28|0x00000000a3800000, 0x00000000a3900000, 0x00000000a3900000|100%| O|  |TAMS 0x00000000a3900000, 0x00000000a3800000| Untracked 
|  29|0x00000000a3900000, 0x00000000a3a00000, 0x00000000a3a00000|100%| O|  |TAMS 0x00000000a3a00000, 0x00000000a3900000| Untracked 
|  30|0x00000000a3a00000, 0x00000000a3b00000, 0x00000000a3b00000|100%| O|  |TAMS 0x00000000a3b00000, 0x00000000a3a00000| Untracked 
|  31|0x00000000a3b00000, 0x00000000a3c00000, 0x00000000a3c00000|100%| O|  |TAMS 0x00000000a3c00000, 0x00000000a3b00000| Untracked 
|  32|0x00000000a3c00000, 0x00000000a3d00000, 0x00000000a3d00000|100%| O|  |TAMS 0x00000000a3d00000, 0x00000000a3c00000| Untracked 
|  33|0x00000000a3d00000, 0x00000000a3e00000, 0x00000000a3e00000|100%| O|  |TAMS 0x00000000a3e00000, 0x00000000a3d00000| Untracked 
|  34|0x00000000a3e00000, 0x00000000a3f00000, 0x00000000a3f00000|100%| O|  |TAMS 0x00000000a3f00000, 0x00000000a3e00000| Untracked 
|  35|0x00000000a3f00000, 0x00000000a4000000, 0x00000000a4000000|100%| O|  |TAMS 0x00000000a4000000, 0x00000000a3f00000| Untracked 
|  36|0x00000000a4000000, 0x00000000a4100000, 0x00000000a4100000|100%| O|  |TAMS 0x00000000a40b7400, 0x00000000a4000000| Updating 
|  37|0x00000000a4100000, 0x00000000a4200000, 0x00000000a4200000|100%| O|  |TAMS 0x00000000a4100000, 0x00000000a4100000| Untracked 
|  38|0x00000000a4200000, 0x00000000a4300000, 0x00000000a4300000|100%| O|  |TAMS 0x00000000a4200000, 0x00000000a4200000| Untracked 
|  39|0x00000000a4300000, 0x00000000a4400000, 0x00000000a4400000|100%| O|  |TAMS 0x00000000a4300000, 0x00000000a4300000| Untracked 
|  40|0x00000000a4400000, 0x00000000a4500000, 0x00000000a4500000|100%| O|  |TAMS 0x00000000a4400000, 0x00000000a4400000| Untracked 
|  41|0x00000000a4500000, 0x00000000a4600000, 0x00000000a4600000|100%| O|  |TAMS 0x00000000a4500000, 0x00000000a4500000| Untracked 
|  42|0x00000000a4600000, 0x00000000a4700000, 0x00000000a4700000|100%|HS|  |TAMS 0x00000000a4600000, 0x00000000a4600000| Complete 
|  43|0x00000000a4700000, 0x00000000a4800000, 0x00000000a4800000|100%| O|  |TAMS 0x00000000a4700000, 0x00000000a4700000| Untracked 
|  44|0x00000000a4800000, 0x00000000a4900000, 0x00000000a4900000|100%| O|  |TAMS 0x00000000a4800000, 0x00000000a4800000| Untracked 
|  45|0x00000000a4900000, 0x00000000a4a00000, 0x00000000a4a00000|100%| O|  |TAMS 0x00000000a4900000, 0x00000000a4900000| Untracked 
|  46|0x00000000a4a00000, 0x00000000a4a00000, 0x00000000a4b00000|  0%| F|  |TAMS 0x00000000a4a00000, 0x00000000a4a00000| Untracked 
|  47|0x00000000a4b00000, 0x00000000a4b00000, 0x00000000a4c00000|  0%| F|  |TAMS 0x00000000a4b00000, 0x00000000a4b00000| Untracked 
|  48|0x00000000a4c00000, 0x00000000a4c00000, 0x00000000a4d00000|  0%| F|  |TAMS 0x00000000a4c00000, 0x00000000a4c00000| Untracked 
|  49|0x00000000a4d00000, 0x00000000a4d00000, 0x00000000a4e00000|  0%| F|  |TAMS 0x00000000a4d00000, 0x00000000a4d00000| Untracked 
|  50|0x00000000a4e00000, 0x00000000a4e00000, 0x00000000a4f00000|  0%| F|  |TAMS 0x00000000a4e00000, 0x00000000a4e00000| Untracked 
|  51|0x00000000a4f00000, 0x00000000a4f00000, 0x00000000a5000000|  0%| F|  |TAMS 0x00000000a4f00000, 0x00000000a4f00000| Untracked 
|  52|0x00000000a5000000, 0x00000000a5000000, 0x00000000a5100000|  0%| F|  |TAMS 0x00000000a5000000, 0x00000000a5000000| Untracked 
|  53|0x00000000a5100000, 0x00000000a5100000, 0x00000000a5200000|  0%| F|  |TAMS 0x00000000a5100000, 0x00000000a5100000| Untracked 
|  54|0x00000000a5200000, 0x00000000a5200000, 0x00000000a5300000|  0%| F|  |TAMS 0x00000000a5200000, 0x00000000a5200000| Untracked 
|  55|0x00000000a5300000, 0x00000000a5300000, 0x00000000a5400000|  0%| F|  |TAMS 0x00000000a5300000, 0x00000000a5300000| Untracked 
|  56|0x00000000a5400000, 0x00000000a5400000, 0x00000000a5500000|  0%| F|  |TAMS 0x00000000a5400000, 0x00000000a5400000| Untracked 
|  57|0x00000000a5500000, 0x00000000a5500000, 0x00000000a5600000|  0%| F|  |TAMS 0x00000000a5500000, 0x00000000a5500000| Untracked 
|  58|0x00000000a5600000, 0x00000000a5600000, 0x00000000a5700000|  0%| F|  |TAMS 0x00000000a5600000, 0x00000000a5600000| Untracked 
|  59|0x00000000a5700000, 0x00000000a5700000, 0x00000000a5800000|  0%| F|  |TAMS 0x00000000a5700000, 0x00000000a5700000| Untracked 
|  60|0x00000000a5800000, 0x00000000a5800000, 0x00000000a5900000|  0%| F|  |TAMS 0x00000000a5800000, 0x00000000a5800000| Untracked 
|  61|0x00000000a5900000, 0x00000000a5900000, 0x00000000a5a00000|  0%| F|  |TAMS 0x00000000a5900000, 0x00000000a5900000| Untracked 
|  62|0x00000000a5a00000, 0x00000000a5a00000, 0x00000000a5b00000|  0%| F|  |TAMS 0x00000000a5a00000, 0x00000000a5a00000| Untracked 
|  63|0x00000000a5b00000, 0x00000000a5b00000, 0x00000000a5c00000|  0%| F|  |TAMS 0x00000000a5b00000, 0x00000000a5b00000| Untracked 
|  64|0x00000000a5c00000, 0x00000000a5c00000, 0x00000000a5d00000|  0%| F|  |TAMS 0x00000000a5c00000, 0x00000000a5c00000| Untracked 
|  65|0x00000000a5d00000, 0x00000000a5d00000, 0x00000000a5e00000|  0%| F|  |TAMS 0x00000000a5d00000, 0x00000000a5d00000| Untracked 
|  66|0x00000000a5e00000, 0x00000000a5e00000, 0x00000000a5f00000|  0%| F|  |TAMS 0x00000000a5e00000, 0x00000000a5e00000| Untracked 
|  67|0x00000000a5f00000, 0x00000000a5f00000, 0x00000000a6000000|  0%| F|  |TAMS 0x00000000a5f00000, 0x00000000a5f00000| Untracked 
|  68|0x00000000a6000000, 0x00000000a6000000, 0x00000000a6100000|  0%| F|  |TAMS 0x00000000a6000000, 0x00000000a6000000| Untracked 
|  69|0x00000000a6100000, 0x00000000a6100000, 0x00000000a6200000|  0%| F|  |TAMS 0x00000000a6100000, 0x00000000a6100000| Untracked 
|  70|0x00000000a6200000, 0x00000000a6200000, 0x00000000a6300000|  0%| F|  |TAMS 0x00000000a6200000, 0x00000000a6200000| Untracked 
|  71|0x00000000a6300000, 0x00000000a6300000, 0x00000000a6400000|  0%| F|  |TAMS 0x00000000a6300000, 0x00000000a6300000| Untracked 
|  72|0x00000000a6400000, 0x00000000a6400000, 0x00000000a6500000|  0%| F|  |TAMS 0x00000000a6400000, 0x00000000a6400000| Untracked 
|  73|0x00000000a6500000, 0x00000000a6500000, 0x00000000a6600000|  0%| F|  |TAMS 0x00000000a6500000, 0x00000000a6500000| Untracked 
|  74|0x00000000a6600000, 0x00000000a6600000, 0x00000000a6700000|  0%| F|  |TAMS 0x00000000a6600000, 0x00000000a6600000| Untracked 
|  75|0x00000000a6700000, 0x00000000a6700000, 0x00000000a6800000|  0%| F|  |TAMS 0x00000000a6700000, 0x00000000a6700000| Untracked 
|  76|0x00000000a6800000, 0x00000000a6800000, 0x00000000a6900000|  0%| F|  |TAMS 0x00000000a6800000, 0x00000000a6800000| Untracked 
|  77|0x00000000a6900000, 0x00000000a6900000, 0x00000000a6a00000|  0%| F|  |TAMS 0x00000000a6900000, 0x00000000a6900000| Untracked 
|  78|0x00000000a6a00000, 0x00000000a6a00000, 0x00000000a6b00000|  0%| F|  |TAMS 0x00000000a6a00000, 0x00000000a6a00000| Untracked 
|  79|0x00000000a6b00000, 0x00000000a6b00000, 0x00000000a6c00000|  0%| F|  |TAMS 0x00000000a6b00000, 0x00000000a6b00000| Untracked 
|  80|0x00000000a6c00000, 0x00000000a6c00000, 0x00000000a6d00000|  0%| F|  |TAMS 0x00000000a6c00000, 0x00000000a6c00000| Untracked 
|  81|0x00000000a6d00000, 0x00000000a6d00000, 0x00000000a6e00000|  0%| F|  |TAMS 0x00000000a6d00000, 0x00000000a6d00000| Untracked 
|  82|0x00000000a6e00000, 0x00000000a6e00000, 0x00000000a6f00000|  0%| F|  |TAMS 0x00000000a6e00000, 0x00000000a6e00000| Untracked 
|  83|0x00000000a6f00000, 0x00000000a6f00000, 0x00000000a7000000|  0%| F|  |TAMS 0x00000000a6f00000, 0x00000000a6f00000| Untracked 
|  84|0x00000000a7000000, 0x00000000a7000000, 0x00000000a7100000|  0%| F|  |TAMS 0x00000000a7000000, 0x00000000a7000000| Untracked 
|  85|0x00000000a7100000, 0x00000000a7200000, 0x00000000a7200000|100%| S|CS|TAMS 0x00000000a7100000, 0x00000000a7100000| Complete 
|  86|0x00000000a7200000, 0x00000000a7300000, 0x00000000a7300000|100%| S|CS|TAMS 0x00000000a7200000, 0x00000000a7200000| Complete 
|  87|0x00000000a7300000, 0x00000000a7300000, 0x00000000a7400000|  0%| F|  |TAMS 0x00000000a7300000, 0x00000000a7300000| Untracked 
|  88|0x00000000a7400000, 0x00000000a7400000, 0x00000000a7500000|  0%| F|  |TAMS 0x00000000a7400000, 0x00000000a7400000| Untracked 
|  89|0x00000000a7500000, 0x00000000a7500000, 0x00000000a7600000|  0%| F|  |TAMS 0x00000000a7500000, 0x00000000a7500000| Untracked 
|  90|0x00000000a7600000, 0x00000000a7600000, 0x00000000a7700000|  0%| F|  |TAMS 0x00000000a7600000, 0x00000000a7600000| Untracked 
|  91|0x00000000a7700000, 0x00000000a7700000, 0x00000000a7800000|  0%| F|  |TAMS 0x00000000a7700000, 0x00000000a7700000| Untracked 
|  92|0x00000000a7800000, 0x00000000a7800000, 0x00000000a7900000|  0%| F|  |TAMS 0x00000000a7800000, 0x00000000a7800000| Untracked 
|  93|0x00000000a7900000, 0x00000000a7900000, 0x00000000a7a00000|  0%| F|  |TAMS 0x00000000a7900000, 0x00000000a7900000| Untracked 
|  94|0x00000000a7a00000, 0x00000000a7a00000, 0x00000000a7b00000|  0%| F|  |TAMS 0x00000000a7a00000, 0x00000000a7a00000| Untracked 
|  95|0x00000000a7b00000, 0x00000000a7b00000, 0x00000000a7c00000|  0%| F|  |TAMS 0x00000000a7b00000, 0x00000000a7b00000| Untracked 

Card table byte_map: [0x0000026abf9a0000,0x0000026abfca0000] _byte_map_base: 0x0000026abf492000

Marking Bits (Prev, Next): (CMBitMap*) 0x0000026ab2acfae0, (CMBitMap*) 0x0000026ab2acfaa0
 Prev Bits: [0x0000026ac1730000, 0x0000026ac2ec0000)
 Next Bits: [0x0000026abffa0000, 0x0000026ac1730000)

Polling page: 0x0000026ab2b30000

Metaspace:

Usage:
  Non-class:     49.35 MB used.
      Class:      8.60 MB used.
       Both:     57.96 MB used.

Virtual space:
  Non-class space:       64.00 MB reserved,      49.69 MB ( 78%) committed,  1 nodes.
      Class space:        1.00 GB reserved,       8.81 MB ( <1%) committed,  1 nodes.
             Both:        1.06 GB reserved,      58.50 MB (  5%) committed. 

Chunk freelists:
   Non-Class:  14.23 MB
       Class:  7.00 MB
        Both:  21.23 MB

MaxMetaspaceSize: unlimited
CompressedClassSpaceSize: 1.00 GB
Initial GC threshold: 21.00 MB
Current GC threshold: 97.50 MB
CDS: on
MetaspaceReclaimPolicy: balanced
 - commit_granule_bytes: 65536.
 - commit_granule_words: 8192.
 - virtual_space_node_default_size: 8388608.
 - enlarge_chunks_in_place: 1.
 - new_chunks_are_fully_committed: 0.
 - uncommit_free_chunks: 1.
 - use_allocation_guard: 0.
 - handle_deallocations: 1.


Internal statistics:

num_allocs_failed_limit: 6.
num_arena_births: 754.
num_arena_deaths: 0.
num_vsnodes_births: 2.
num_vsnodes_deaths: 0.
num_space_committed: 936.
num_space_uncommitted: 0.
num_chunks_returned_to_freelist: 6.
num_chunks_taken_from_freelist: 2980.
num_chunk_merges: 6.
num_chunk_splits: 2187.
num_chunks_enlarged: 1733.
num_inconsistent_stats: 0.

CodeCache: size=49152Kb used=10331Kb max_used=10331Kb free=38820Kb
 bounds [0x0000026abbdc0000, 0x0000026abc7e0000, 0x0000026abedc0000]
 total_blobs=5893 nmethods=5250 adapters=568
 compilation: enabled
              stopped_count=0, restarted_count=0
 full_count=0

Compilation events (20 events):
Event: 12.512 Thread 0x0000026ac5940f50 nmethod 5239 0x0000026abc7d2e90 code [0x0000026abc7d30c0, 0x0000026abc7d35f8]
Event: 12.512 Thread 0x0000026ac5b8e870 nmethod 5241 0x0000026abc7d3910 code [0x0000026abc7d3aa0, 0x0000026abc7d3b78]
Event: 12.512 Thread 0x0000026ac5b8e870 5242       1       org.antlr.v4.runtime.atn.ParserATNSimulator::closure (44 bytes)
Event: 12.513 Thread 0x0000026ac5b8e870 nmethod 5242 0x0000026abc7d3c10 code [0x0000026abc7d3da0, 0x0000026abc7d3ea8]
Event: 12.596 Thread 0x0000026ac5940f50 5243       1       org.antlr.v4.runtime.atn.LexerATNSimulator::getReachableConfigSet (210 bytes)
Event: 12.596 Thread 0x0000026ac5b6bf30 5244       1       org.antlr.v4.runtime.atn.LexerATNConfig::<init> (29 bytes)
Event: 12.597 Thread 0x0000026ac5b6bf30 nmethod 5244 0x0000026abc7d3f90 code [0x0000026abc7d4140, 0x0000026abc7d43a8]
Event: 12.597 Thread 0x0000026ac5940f50 nmethod 5243 0x0000026abc7d4510 code [0x0000026abc7d4740, 0x0000026abc7d4fa8]
Event: 12.622 Thread 0x0000026ac5940f50 5245       1       org.antlr.v4.runtime.atn.ATNConfigSet::<init> (6 bytes)
Event: 12.623 Thread 0x0000026ac5940f50 nmethod 5245 0x0000026abc7d5690 code [0x0000026abc7d5820, 0x0000026abc7d5908]
Event: 12.670 Thread 0x0000026ac5940f50 5246       1       org.antlr.v4.runtime.CodePointCharStream::mark (2 bytes)
Event: 12.670 Thread 0x0000026ac5b6bf30 5247       1       org.antlr.v4.runtime.atn.LexerATNSimulator::getLine (5 bytes)
Event: 12.670 Thread 0x0000026ac5b8e870 5248       1       org.antlr.v4.runtime.atn.LexerATNSimulator::getCharPositionInLine (5 bytes)
Event: 12.670 Thread 0x0000026ac5b6bf30 nmethod 5247 0x0000026abc7d5990 code [0x0000026abc7d5b20, 0x0000026abc7d5bf8]
Event: 12.670 Thread 0x0000026ac5940f50 nmethod 5246 0x0000026abc7d5c90 code [0x0000026abc7d5e20, 0x0000026abc7d5ef8]
Event: 12.670 Thread 0x0000026ac5b8e870 nmethod 5248 0x0000026abc7d5f90 code [0x0000026abc7d6120, 0x0000026abc7d61f8]
Event: 12.670 Thread 0x0000026ac5b8e870 5249       1       org.antlr.v4.runtime.dfa.DFAState::hashCode (26 bytes)
Event: 12.670 Thread 0x0000026ac5b6bf30 5250       1       org.antlr.v4.runtime.atn.ATNConfigSet::hashCode (39 bytes)
Event: 12.670 Thread 0x0000026ac5b8e870 nmethod 5249 0x0000026abc7d6290 code [0x0000026abc7d6440, 0x0000026abc7d6568]
Event: 12.671 Thread 0x0000026ac5b6bf30 nmethod 5250 0x0000026abc7d6690 code [0x0000026abc7d6860, 0x0000026abc7d6b78]

GC Heap History (20 events):
Event: 6.892 GC heap after
{Heap after GC invocations=6 (full 0):
 garbage-first heap   total 58368K, used 18259K [0x00000000a1c00000, 0x0000000100000000)
  region size 1024K, 4 young (4096K), 4 survivors (4096K)
 Metaspace       used 25984K, committed 26432K, reserved 1114112K
  class space    used 3817K, committed 4032K, reserved 1048576K
}
Event: 8.154 GC heap before
{Heap before GC invocations=6 (full 0):
 garbage-first heap   total 58368K, used 41811K [0x00000000a1c00000, 0x0000000100000000)
  region size 1024K, 27 young (27648K), 4 survivors (4096K)
 Metaspace       used 31246K, committed 31680K, reserved 1114112K
  class space    used 4483K, committed 4672K, reserved 1048576K
}
Event: 8.170 GC heap after
{Heap after GC invocations=7 (full 0):
 garbage-first heap   total 58368K, used 20168K [0x00000000a1c00000, 0x0000000100000000)
  region size 1024K, 2 young (2048K), 2 survivors (2048K)
 Metaspace       used 31246K, committed 31680K, reserved 1114112K
  class space    used 4483K, committed 4672K, reserved 1048576K
}
Event: 8.800 GC heap before
{Heap before GC invocations=7 (full 0):
 garbage-first heap   total 58368K, used 38600K [0x00000000a1c00000, 0x0000000100000000)
  region size 1024K, 21 young (21504K), 2 survivors (2048K)
 Metaspace       used 35491K, committed 35968K, reserved 1114112K
  class space    used 5200K, committed 5440K, reserved 1048576K
}
Event: 8.809 GC heap after
{Heap after GC invocations=8 (full 0):
 garbage-first heap   total 58368K, used 21247K [0x00000000a1c00000, 0x0000000100000000)
  region size 1024K, 1 young (1024K), 1 survivors (1024K)
 Metaspace       used 35491K, committed 35968K, reserved 1114112K
  class space    used 5200K, committed 5440K, reserved 1048576K
}
Event: 9.768 GC heap before
{Heap before GC invocations=9 (full 0):
 garbage-first heap   total 58368K, used 44799K [0x00000000a1c00000, 0x0000000100000000)
  region size 1024K, 24 young (24576K), 1 survivors (1024K)
 Metaspace       used 41660K, committed 42112K, reserved 1114112K
  class space    used 6040K, committed 6272K, reserved 1048576K
}
Event: 9.779 GC heap after
{Heap after GC invocations=10 (full 0):
 garbage-first heap   total 58368K, used 22709K [0x00000000a1c00000, 0x0000000100000000)
  region size 1024K, 3 young (3072K), 3 survivors (3072K)
 Metaspace       used 41660K, committed 42112K, reserved 1114112K
  class space    used 6040K, committed 6272K, reserved 1048576K
}
Event: 10.352 GC heap before
{Heap before GC invocations=10 (full 0):
 garbage-first heap   total 58368K, used 43189K [0x00000000a1c00000, 0x0000000100000000)
  region size 1024K, 24 young (24576K), 3 survivors (3072K)
 Metaspace       used 46633K, committed 47104K, reserved 1114112K
  class space    used 6805K, committed 7040K, reserved 1048576K
}
Event: 10.360 GC heap after
{Heap after GC invocations=11 (full 0):
 garbage-first heap   total 70656K, used 23910K [0x00000000a1c00000, 0x0000000100000000)
  region size 1024K, 2 young (2048K), 2 survivors (2048K)
 Metaspace       used 46633K, committed 47104K, reserved 1114112K
  class space    used 6805K, committed 7040K, reserved 1048576K
}
Event: 11.234 GC heap before
{Heap before GC invocations=11 (full 0):
 garbage-first heap   total 70656K, used 54630K [0x00000000a1c00000, 0x0000000100000000)
  region size 1024K, 32 young (32768K), 2 survivors (2048K)
 Metaspace       used 53124K, committed 53632K, reserved 1114112K
  class space    used 7828K, committed 8064K, reserved 1048576K
}
Event: 11.240 GC heap after
{Heap after GC invocations=12 (full 0):
 garbage-first heap   total 70656K, used 24976K [0x00000000a1c00000, 0x0000000100000000)
  region size 1024K, 3 young (3072K), 3 survivors (3072K)
 Metaspace       used 53124K, committed 53632K, reserved 1114112K
  class space    used 7828K, committed 8064K, reserved 1048576K
}
Event: 12.382 GC heap before
{Heap before GC invocations=12 (full 0):
 garbage-first heap   total 70656K, used 55696K [0x00000000a1c00000, 0x0000000100000000)
  region size 1024K, 33 young (33792K), 3 survivors (3072K)
 Metaspace       used 59305K, committed 59840K, reserved 1114112K
  class space    used 8804K, committed 9024K, reserved 1048576K
}
Event: 12.393 GC heap after
{Heap after GC invocations=13 (full 0):
 garbage-first heap   total 70656K, used 27547K [0x00000000a1c00000, 0x0000000100000000)
  region size 1024K, 5 young (5120K), 5 survivors (5120K)
 Metaspace       used 59305K, committed 59840K, reserved 1114112K
  class space    used 8804K, committed 9024K, reserved 1048576K
}
Event: 12.480 GC heap before
{Heap before GC invocations=13 (full 0):
 garbage-first heap   total 70656K, used 55195K [0x00000000a1c00000, 0x0000000100000000)
  region size 1024K, 32 young (32768K), 5 survivors (5120K)
 Metaspace       used 59346K, committed 59904K, reserved 1114112K
  class space    used 8811K, committed 9024K, reserved 1048576K
}
Event: 12.500 GC heap after
{Heap after GC invocations=14 (full 0):
 garbage-first heap   total 70656K, used 33400K [0x00000000a1c00000, 0x0000000100000000)
  region size 1024K, 4 young (4096K), 4 survivors (4096K)
 Metaspace       used 59346K, committed 59904K, reserved 1114112K
  class space    used 8811K, committed 9024K, reserved 1048576K
}
Event: 12.564 GC heap before
{Heap before GC invocations=14 (full 0):
 garbage-first heap   total 70656K, used 52856K [0x00000000a1c00000, 0x0000000100000000)
  region size 1024K, 23 young (23552K), 4 survivors (4096K)
 Metaspace       used 59346K, committed 59904K, reserved 1114112K
  class space    used 8811K, committed 9024K, reserved 1048576K
}
Event: 12.587 GC heap after
{Heap after GC invocations=15 (full 0):
 garbage-first heap   total 70656K, used 40496K [0x00000000a1c00000, 0x0000000100000000)
  region size 1024K, 3 young (3072K), 3 survivors (3072K)
 Metaspace       used 59346K, committed 59904K, reserved 1114112K
  class space    used 8811K, committed 9024K, reserved 1048576K
}
Event: 12.627 GC heap before
{Heap before GC invocations=15 (full 0):
 garbage-first heap   total 70656K, used 52784K [0x00000000a1c00000, 0x0000000100000000)
  region size 1024K, 15 young (15360K), 3 survivors (3072K)
 Metaspace       used 59346K, committed 59904K, reserved 1114112K
  class space    used 8811K, committed 9024K, reserved 1048576K
}
Event: 12.643 GC heap after
{Heap after GC invocations=16 (full 0):
 garbage-first heap   total 70656K, used 44883K [0x00000000a1c00000, 0x0000000100000000)
  region size 1024K, 2 young (2048K), 2 survivors (2048K)
 Metaspace       used 59346K, committed 59904K, reserved 1114112K
  class space    used 8811K, committed 9024K, reserved 1048576K
}
Event: 12.707 GC heap before
{Heap before GC invocations=16 (full 0):
 garbage-first heap   total 91136K, used 55123K [0x00000000a1c00000, 0x0000000100000000)
  region size 1024K, 11 young (11264K), 2 survivors (2048K)
 Metaspace       used 59346K, committed 59904K, reserved 1114112K
  class space    used 8811K, committed 9024K, reserved 1048576K
}

Dll operation events (11 events):
Event: 0.033 Loaded shared library C:\Program Files\Eclipse Adoptium\jdk-17.0.16.8-hotspot\bin\java.dll
Event: 0.092 Loaded shared library C:\Program Files\Eclipse Adoptium\jdk-17.0.16.8-hotspot\bin\jsvml.dll
Event: 0.333 Loaded shared library C:\Program Files\Eclipse Adoptium\jdk-17.0.16.8-hotspot\bin\net.dll
Event: 0.337 Loaded shared library C:\Program Files\Eclipse Adoptium\jdk-17.0.16.8-hotspot\bin\nio.dll
Event: 0.350 Loaded shared library C:\Program Files\Eclipse Adoptium\jdk-17.0.16.8-hotspot\bin\zip.dll
Event: 0.667 Loaded shared library C:\Program Files\Eclipse Adoptium\jdk-17.0.16.8-hotspot\bin\jimage.dll
Event: 4.619 Loaded shared library C:\Program Files\Eclipse Adoptium\jdk-17.0.16.8-hotspot\bin\sunmscapi.dll
Event: 7.355 Loaded shared library C:\Program Files\Eclipse Adoptium\jdk-17.0.16.8-hotspot\bin\management.dll
Event: 7.372 Loaded shared library C:\Program Files\Eclipse Adoptium\jdk-17.0.16.8-hotspot\bin\management_ext.dll
Event: 8.529 Loaded shared library C:\Program Files\Eclipse Adoptium\jdk-17.0.16.8-hotspot\bin\verify.dll
Event: 8.989 Loaded shared library C:\Program Files\Eclipse Adoptium\jdk-17.0.16.8-hotspot\bin\extnet.dll

Deoptimization events (4 events):
Event: 9.306 Thread 0x0000026b0c00e820 DEOPT PACKING pc=0x0000026abc269a17 sp=0x000000710a1fedb0
Event: 9.306 Thread 0x0000026b0c00e820 DEOPT UNPACKING pc=0x0000026abbe17143 sp=0x000000710a1fe208 mode 3
Event: 9.306 Thread 0x0000026ab2a79eb0 DEOPT PACKING pc=0x0000026abc279e81 sp=0x00000071083f98e0
Event: 9.306 Thread 0x0000026ab2a79eb0 DEOPT UNPACKING pc=0x0000026abbe17143 sp=0x00000071083f8d70 mode 3

Classes loaded (20 events):
Event: 12.077 Loading class java/util/regex/Pattern$1
Event: 12.077 Loading class java/util/regex/Pattern$1 done
Event: 12.119 Loading class java/util/regex/Pattern$Bound
Event: 12.119 Loading class java/util/regex/Pattern$Bound done
Event: 12.119 Loading class java/util/regex/Pattern$SliceI
Event: 12.120 Loading class java/util/regex/Pattern$SliceI done
Event: 12.121 Loading class java/util/regex/Pattern$LookBehindEndNode
Event: 12.121 Loading class java/util/regex/Pattern$LookBehindEndNode done
Event: 12.121 Loading class java/util/regex/Pattern$NotBehind
Event: 12.121 Loading class java/util/regex/Pattern$NotBehind done
Event: 12.122 Loading class java/util/regex/Pattern$Neg
Event: 12.122 Loading class java/util/regex/Pattern$Neg done
Event: 12.122 Loading class java/util/regex/Pattern$Behind
Event: 12.122 Loading class java/util/regex/Pattern$Behind done
Event: 12.186 Loading class java/util/EmptyStackException
Event: 12.186 Loading class java/util/EmptyStackException done
Event: 12.311 Loading class java/io/InvalidClassException
Event: 12.311 Loading class java/io/InvalidClassException done
Event: 12.325 Loading class java/util/ArrayList$ListItr
Event: 12.325 Loading class java/util/ArrayList$ListItr done

Classes unloaded (0 events):
No events

Classes redefined (0 events):
No events

Internal exceptions (20 events):
Event: 11.068 Thread 0x0000026ab2a79eb0 Exception <a 'java/lang/NoSuchMethodError'{0x00000000a49caa20}: 'java.lang.Object java.lang.invoke.DirectMethodHandle$Holder.newInvokeSpecial(java.lang.Object, java.lang.Object, java.lang.Object, java.lang.Object, java.lang.Object, int, java.lang.Object)'> (0x00000000a49caa20) 
thrown [s\src\hotspot\share\interpreter\linkResolver.cpp, line 759]
Event: 11.075 Thread 0x0000026ab2a79eb0 Exception <a 'java/lang/NoSuchMethodError'{0x00000000a4804f50}: 'java.lang.Object java.lang.invoke.DirectMethodHandle$Holder.newInvokeSpecial(java.lang.Object, java.lang.Object, java.lang.Object, java.lang.Object, java.lang.Object, java.lang.Object, java.lang.Object, java.lang.Object, java.lang.Object, java.lang.Object, java.lang.Object, java.lang.Object)'> (0x00000000a4804f50) 
thrown [s\src\hotspot\share\interpreter\linkResolver.cpp, line 759]
Event: 11.075 Thread 0x0000026ab2a79eb0 Exception <a 'java/lang/NoSuchMethodError'{0x00000000a480a1e0}: 'java.lang.Object java.lang.invoke.DirectMethodHandle$Holder.invokeSpecial(java.lang.Object, java.lang.Object, java.lang.Object, java.lang.Object, java.lang.Object, java.lang.Object, java.lang.Object, java.lang.Object, java.lang.Object, java.lang.Object, java.lang.Object, java.lang.Object, java.lang.Object)'> (0x00000000a480a1e0) 
thrown [s\src\hotspot\share\interpreter\linkResolver.cpp, line 759]
Event: 11.075 Thread 0x0000026ab2a79eb0 Exception <a 'java/lang/NoSuchMethodError'{0x00000000a480f0f0}: 'java.lang.Object java.lang.invoke.Invokers$Holder.linkToTargetMethod(java.lang.Object, java.lang.Object, java.lang.Object, java.lang.Object, java.lang.Object, java.lang.Object, java.lang.Object, java.lang.Object, java.lang.Object, java.lang.Object, java.lang.Object, java.lang.Object)'> (0x00000000a480f0f0) 
thrown [s\src\hotspot\share\interpreter\linkResolver.cpp, line 759]
Event: 11.127 Thread 0x0000026ab2a79eb0 Exception <a 'java/lang/IncompatibleClassChangeError'{0x00000000a47c82e8}: Found class java.lang.Object, but interface was expected> (0x00000000a47c82e8) 
thrown [s\src\hotspot\share\interpreter\linkResolver.cpp, line 826]
Event: 11.141 Thread 0x0000026ab2a79eb0 Exception <a 'java/lang/NoSuchMethodError'{0x00000000a4651860}: 'java.lang.Object java.lang.invoke.DirectMethodHandle$Holder.newInvokeSpecial(java.lang.Object, java.lang.Object, int, java.lang.Object, int, java.lang.Object, java.lang.Object)'> (0x00000000a4651860) 
thrown [s\src\hotspot\share\interpreter\linkResolver.cpp, line 759]
Event: 11.148 Thread 0x0000026ab2a79eb0 Exception <a 'java/lang/NoSuchMethodError'{0x00000000a46a2be8}: 'java.lang.Object java.lang.invoke.DirectMethodHandle$Holder.newInvokeSpecial(java.lang.Object, java.lang.Object, java.lang.Object, java.lang.Object, java.lang.Object, java.lang.Object, java.lang.Object, int)'> (0x00000000a46a2be8) 
thrown [s\src\hotspot\share\interpreter\linkResolver.cpp, line 759]
Event: 11.149 Thread 0x0000026ab2a79eb0 Exception <a 'java/lang/NoSuchMethodError'{0x00000000a46a83d8}: 'java.lang.Object java.lang.invoke.DirectMethodHandle$Holder.invokeSpecial(java.lang.Object, java.lang.Object, java.lang.Object, java.lang.Object, java.lang.Object, java.lang.Object, java.lang.Object, java.lang.Object, int)'> (0x00000000a46a83d8) 
thrown [s\src\hotspot\share\interpreter\linkResolver.cpp, line 759]
Event: 11.149 Thread 0x0000026ab2a79eb0 Exception <a 'java/lang/NoSuchMethodError'{0x00000000a46ad698}: 'java.lang.Object java.lang.invoke.Invokers$Holder.linkToTargetMethod(java.lang.Object, java.lang.Object, java.lang.Object, java.lang.Object, java.lang.Object, java.lang.Object, int, java.lang.Object)'> (0x00000000a46ad698) 
thrown [s\src\hotspot\share\interpreter\linkResolver.cpp, line 759]
Event: 11.571 Thread 0x0000026ab2a79eb0 Exception <a 'java/lang/NoSuchMethodError'{0x00000000a6a42d78}: 'java.lang.Object java.lang.invoke.DirectMethodHandle$Holder.invokeSpecial(java.lang.Object, java.lang.Object, int, java.lang.Object, int)'> (0x00000000a6a42d78) 
thrown [s\src\hotspot\share\interpreter\linkResolver.cpp, line 759]
Event: 11.797 Thread 0x0000026ab2a79eb0 Exception <a 'java/lang/IncompatibleClassChangeError'{0x00000000a5a36dc0}: Found class java.lang.Object, but interface was expected> (0x00000000a5a36dc0) 
thrown [s\src\hotspot\share\interpreter\linkResolver.cpp, line 826]
Event: 11.844 Thread 0x0000026ab2a79eb0 Exception <a 'java/lang/IncompatibleClassChangeError'{0x00000000a59efe48}: Found class java.lang.Object, but interface was expected> (0x00000000a59efe48) 
thrown [s\src\hotspot\share\interpreter\linkResolver.cpp, line 826]
Event: 11.941 Thread 0x0000026ab2a79eb0 Exception <a 'java/lang/IncompatibleClassChangeError'{0x00000000a5447d30}: Found class java.lang.Object, but interface was expected> (0x00000000a5447d30) 
thrown [s\src\hotspot\share\interpreter\linkResolver.cpp, line 826]
Event: 12.057 Thread 0x0000026ab2a79eb0 Exception <a 'java/lang/reflect/InvocationTargetException'{0x00000000a4f1d960}> (0x00000000a4f1d960) 
thrown [s\src\hotspot\share\runtime\reflection.cpp, line 1128]
Event: 12.072 Thread 0x0000026ab2a79eb0 Exception <a 'java/lang/NoSuchMethodError'{0x00000000a4f9a880}: 'int java.lang.invoke.DirectMethodHandle$Holder.invokeStatic(java.lang.Object, java.lang.Object, int)'> (0x00000000a4f9a880) 
thrown [s\src\hotspot\share\interpreter\linkResolver.cpp, line 759]
Event: 12.078 Thread 0x0000026ab2a79eb0 Exception <a 'java/lang/IncompatibleClassChangeError'{0x00000000a4fdfad8}: Found class java.lang.Object, but interface was expected> (0x00000000a4fdfad8) 
thrown [s\src\hotspot\share\interpreter\linkResolver.cpp, line 826]
Event: 12.079 Thread 0x0000026ab2a79eb0 Exception <a 'java/lang/IncompatibleClassChangeError'{0x00000000a4fe6608}: Found class java.lang.Object, but interface was expected> (0x00000000a4fe6608) 
thrown [s\src\hotspot\share\interpreter\linkResolver.cpp, line 826]
Event: 12.139 Thread 0x0000026ab2a79eb0 Exception <a 'java/lang/NoSuchMethodError'{0x00000000a4db4e30}: 'java.lang.Object java.lang.invoke.DirectMethodHandle$Holder.invokeStatic(java.lang.Object, int, java.lang.Object)'> (0x00000000a4db4e30) 
thrown [s\src\hotspot\share\interpreter\linkResolver.cpp, line 759]
Event: 12.145 Thread 0x0000026ab2a79eb0 Exception <a 'java/lang/reflect/InvocationTargetException'{0x00000000a4df16d0}> (0x00000000a4df16d0) 
thrown [s\src\hotspot\share\runtime\reflection.cpp, line 1128]
Event: 12.151 Thread 0x0000026ab2a79eb0 Exception <a 'java/lang/reflect/InvocationTargetException'{0x00000000a4c2ab08}> (0x00000000a4c2ab08) 
thrown [s\src\hotspot\share\runtime\reflection.cpp, line 1128]

VM Operations (20 events):
Event: 11.956 Executing VM operation: HandshakeAllThreads done
Event: 12.326 Executing VM operation: HandshakeAllThreads
Event: 12.326 Executing VM operation: HandshakeAllThreads done
Event: 12.326 Executing VM operation: Cleanup
Event: 12.326 Executing VM operation: Cleanup done
Event: 12.329 Executing VM operation: HandshakeAllThreads
Event: 12.329 Executing VM operation: HandshakeAllThreads done
Event: 12.382 Executing VM operation: G1CollectForAllocation
Event: 12.393 Executing VM operation: G1CollectForAllocation done
Event: 12.419 Executing VM operation: HandshakeAllThreads
Event: 12.419 Executing VM operation: HandshakeAllThreads done
Event: 12.480 Executing VM operation: G1CollectForAllocation
Event: 12.500 Executing VM operation: G1CollectForAllocation done
Event: 12.564 Executing VM operation: G1CollectForAllocation
Event: 12.587 Executing VM operation: G1CollectForAllocation done
Event: 12.627 Executing VM operation: G1CollectForAllocation
Event: 12.643 Executing VM operation: G1CollectForAllocation done
Event: 12.693 Executing VM operation: G1PauseRemark
Event: 12.698 Executing VM operation: G1PauseRemark done
Event: 12.706 Executing VM operation: G1CollectForAllocation

Memory protections (0 events):
No events

Nmethod flushes (0 events):
No events

Events (20 events):
Event: 0.092 Thread 0x0000026ab2a79eb0 Thread added: 0x0000026ab2a79eb0
Event: 0.097 Thread 0x0000026ab2a79eb0 Thread added: 0x0000026ac5916b20
Event: 0.097 Thread 0x0000026ab2a79eb0 Thread added: 0x0000026ac5917e60
Event: 0.122 Thread 0x0000026ab2a79eb0 Thread added: 0x0000026ac5937c40
Event: 0.123 Thread 0x0000026ab2a79eb0 Thread added: 0x0000026ac5938210
Event: 0.123 Thread 0x0000026ab2a79eb0 Thread added: 0x0000026ac59397f0
Event: 0.123 Thread 0x0000026ab2a79eb0 Thread added: 0x0000026ac593ddd0
Event: 0.123 Thread 0x0000026ab2a79eb0 Thread added: 0x0000026ac5940f50
Event: 0.123 Thread 0x0000026ab2a79eb0 Thread added: 0x0000026ac593fa80
Event: 0.309 Thread 0x0000026ac5940f50 Thread added: 0x0000026ac5b6bf30
Event: 0.309 Thread 0x0000026ac5940f50 Thread added: 0x0000026ac5b8e870
Event: 0.314 Thread 0x0000026ab2a79eb0 Thread added: 0x0000026ac5ba5b90
Event: 0.322 Thread 0x0000026ab2a79eb0 Thread added: 0x0000026ac5baa4e0
Event: 2.964 Thread 0x0000026ab2a79eb0 Thread added: 0x0000026b0b51a180
Event: 4.134 Thread 0x0000026ab2a79eb0 Thread added: 0x0000026b0b9dacc0
Event: 4.217 Thread 0x0000026b0b9dacc0 Thread exited: 0x0000026b0b9dacc0
Event: 4.631 Thread 0x0000026b0b51a180 Thread exited: 0x0000026b0b51a180
Event: 9.281 Thread 0x0000026ab2a79eb0 Thread added: 0x0000026b0c00d0a0
Event: 9.304 Thread 0x0000026ab2a79eb0 Thread added: 0x0000026b0c00e820
Event: 9.424 Thread 0x0000026b0c00e820 Thread added: 0x0000026b0c133060


Dynamic libraries:
0x00007ff7ddc70000 - 0x00007ff7ddc7e000 	C:\Program Files\Eclipse Adoptium\jdk-17.0.16.8-hotspot\bin\java.exe
0x00007ff8374c0000 - 0x00007ff837726000 	C:\WINDOWS\SYSTEM32\ntdll.dll
0x00007ff8371b0000 - 0x00007ff837279000 	C:\WINDOWS\System32\KERNEL32.DLL
0x00007ff834d80000 - 0x00007ff83517a000 	C:\WINDOWS\System32\KERNELBASE.dll
0x00007ff834c30000 - 0x00007ff834d7c000 	C:\WINDOWS\System32\ucrtbase.dll
0x00007ff80b310000 - 0x00007ff80b32e000 	C:\Program Files\Eclipse Adoptium\jdk-17.0.16.8-hotspot\bin\VCRUNTIME140.dll
0x00007ff80b9e0000 - 0x00007ff80b9f7000 	C:\Program Files\Eclipse Adoptium\jdk-17.0.16.8-hotspot\bin\jli.dll
0x00007ff8368f0000 - 0x00007ff836ab7000 	C:\WINDOWS\System32\USER32.dll
0x00007ff822010000 - 0x00007ff8222a2000 	C:\WINDOWS\WinSxS\amd64_microsoft.windows.common-controls_6595b64144ccf1df_6.0.26100.8521_none_3e08b75ce33403b3\COMCTL32.dll
0x00007ff834880000 - 0x00007ff8348a7000 	C:\WINDOWS\System32\win32u.dll
0x00007ff835c10000 - 0x00007ff835cb9000 	C:\WINDOWS\System32\msvcrt.dll
0x00007ff835d90000 - 0x00007ff835dbb000 	C:\WINDOWS\System32\GDI32.dll
0x00007ff834750000 - 0x00007ff83487b000 	C:\WINDOWS\System32\gdi32full.dll
0x00007ff835180000 - 0x00007ff835223000 	C:\WINDOWS\System32\msvcp_win.dll
0x00007ff837440000 - 0x00007ff837472000 	C:\WINDOWS\System32\IMM32.DLL
0x00007ff824aa0000 - 0x00007ff824aac000 	C:\Program Files\Eclipse Adoptium\jdk-17.0.16.8-hotspot\bin\vcruntime140_1.dll
0x00007ffff7800000 - 0x00007ffff788d000 	C:\Program Files\Eclipse Adoptium\jdk-17.0.16.8-hotspot\bin\msvcp140.dll
0x00007fffef930000 - 0x00007ffff059b000 	C:\Program Files\Eclipse Adoptium\jdk-17.0.16.8-hotspot\bin\server\jvm.dll
0x00007ff837380000 - 0x00007ff837436000 	C:\WINDOWS\System32\ADVAPI32.dll
0x00007ff835a90000 - 0x00007ff835b3a000 	C:\WINDOWS\System32\sechost.dll
0x00007ff835970000 - 0x00007ff835a88000 	C:\WINDOWS\System32\RPCRT4.dll
0x00007ff835800000 - 0x00007ff835880000 	C:\WINDOWS\System32\WS2_32.dll
0x00007ff8345d0000 - 0x00007ff83462e000 	C:\WINDOWS\SYSTEM32\POWRPROF.dll
0x00007ff82cfd0000 - 0x00007ff82d006000 	C:\WINDOWS\SYSTEM32\WINMM.dll
0x00007ff82d010000 - 0x00007ff82d01b000 	C:\WINDOWS\SYSTEM32\VERSION.dll
0x00007ff834590000 - 0x00007ff8345a4000 	C:\WINDOWS\SYSTEM32\UMPDC.dll
0x00007ff8334e0000 - 0x00007ff8334fb000 	C:\WINDOWS\SYSTEM32\kernel.appcore.dll
0x00007ff811b90000 - 0x00007ff811b9a000 	C:\Program Files\Eclipse Adoptium\jdk-17.0.16.8-hotspot\bin\jimage.dll
0x00007ff829430000 - 0x00007ff829672000 	C:\WINDOWS\SYSTEM32\DBGHELP.DLL
0x00007ff836560000 - 0x00007ff8368e3000 	C:\WINDOWS\System32\combase.dll
0x00007ff835890000 - 0x00007ff835969000 	C:\WINDOWS\System32\OLEAUT32.dll
0x00007ff81d240000 - 0x00007ff81d27b000 	C:\WINDOWS\SYSTEM32\dbgcore.DLL
0x00007ff834b80000 - 0x00007ff834c28000 	C:\WINDOWS\System32\bcryptPrimitives.dll
0x00007ff8071c0000 - 0x00007ff8071e5000 	C:\Program Files\Eclipse Adoptium\jdk-17.0.16.8-hotspot\bin\java.dll
0x00007ffff7670000 - 0x00007ffff7747000 	C:\Program Files\Eclipse Adoptium\jdk-17.0.16.8-hotspot\bin\jsvml.dll
0x00007ff835dd0000 - 0x00007ff836554000 	C:\WINDOWS\System32\SHELL32.dll
0x00007ff832350000 - 0x00007ff832bd0000 	C:\WINDOWS\SYSTEM32\windows.storage.dll
0x00007ff8370b0000 - 0x00007ff8371a6000 	C:\WINDOWS\System32\SHCORE.dll
0x00007ff835cc0000 - 0x00007ff835d27000 	C:\WINDOWS\System32\shlwapi.dll
0x00007ff834670000 - 0x00007ff834699000 	C:\WINDOWS\SYSTEM32\profapi.dll
0x00007ff80aac0000 - 0x00007ff80aad9000 	C:\Program Files\Eclipse Adoptium\jdk-17.0.16.8-hotspot\bin\net.dll
0x00007ff82a110000 - 0x00007ff82a239000 	C:\WINDOWS\SYSTEM32\WINHTTP.dll
0x00007ff833a50000 - 0x00007ff833abc000 	C:\WINDOWS\system32\mswsock.dll
0x00007ff8060a0000 - 0x00007ff8060b6000 	C:\Program Files\Eclipse Adoptium\jdk-17.0.16.8-hotspot\bin\nio.dll
0x00007ff803b40000 - 0x00007ff803b58000 	C:\Program Files\Eclipse Adoptium\jdk-17.0.16.8-hotspot\bin\zip.dll
0x00007ff8112e0000 - 0x00007ff8112ee000 	C:\Program Files\Eclipse Adoptium\jdk-17.0.16.8-hotspot\bin\sunmscapi.dll
0x00007ff834970000 - 0x00007ff834ae8000 	C:\WINDOWS\System32\CRYPT32.dll
0x00007ff833f50000 - 0x00007ff833f80000 	C:\WINDOWS\SYSTEM32\ncrypt.dll
0x00007ff833f00000 - 0x00007ff833f3f000 	C:\WINDOWS\SYSTEM32\NTASN1.dll
0x00007ff833d30000 - 0x00007ff833d4b000 	C:\WINDOWS\SYSTEM32\CRYPTSP.dll
0x00007ff833440000 - 0x00007ff833479000 	C:\WINDOWS\system32\rsaenh.dll
0x00007ff833b00000 - 0x00007ff833b33000 	C:\WINDOWS\SYSTEM32\USERENV.dll
0x00007ff834640000 - 0x00007ff83466a000 	C:\WINDOWS\SYSTEM32\bcrypt.dll
0x00007ff833d50000 - 0x00007ff833d5c000 	C:\WINDOWS\SYSTEM32\CRYPTBASE.dll
0x00007ff832ee0000 - 0x00007ff832f13000 	C:\WINDOWS\SYSTEM32\IPHLPAPI.DLL
0x00007ff837020000 - 0x00007ff83702a000 	C:\WINDOWS\System32\NSI.dll
0x00007ff82a0f0000 - 0x00007ff82a10d000 	C:\WINDOWS\SYSTEM32\dhcpcsvc6.DLL
0x00007ff82a0c0000 - 0x00007ff82a0e5000 	C:\WINDOWS\SYSTEM32\dhcpcsvc.DLL
0x00007ff832f70000 - 0x00007ff8330ba000 	C:\WINDOWS\SYSTEM32\DNSAPI.dll
0x00007ff833870000 - 0x00007ff83387d000 	C:\WINDOWS\SYSTEM32\DSPARSE.dll
0x00007ff80bb90000 - 0x00007ff80bb9a000 	C:\Program Files\Eclipse Adoptium\jdk-17.0.16.8-hotspot\bin\management.dll
0x00007ff80bb80000 - 0x00007ff80bb8b000 	C:\Program Files\Eclipse Adoptium\jdk-17.0.16.8-hotspot\bin\management_ext.dll
0x00007ff836ac0000 - 0x00007ff836ac8000 	C:\WINDOWS\System32\PSAPI.DLL
0x00007ff811b70000 - 0x00007ff811b80000 	C:\Program Files\Eclipse Adoptium\jdk-17.0.16.8-hotspot\bin\verify.dll
0x00007ff828170000 - 0x00007ff82817b000 	C:\Windows\System32\rasadhlp.dll
0x00007ff828ff0000 - 0x00007ff829076000 	C:\WINDOWS\System32\fwpuclnt.dll
0x00007ff80b9d0000 - 0x00007ff80b9d9000 	C:\Program Files\Eclipse Adoptium\jdk-17.0.16.8-hotspot\bin\extnet.dll

dbghelp: loaded successfully - version: 4.0.5 - missing functions: none
symbol engine: initialized successfully - sym options: 0x614 - pdb path: .;C:\Program Files\Eclipse Adoptium\jdk-17.0.16.8-hotspot\bin;C:\WINDOWS\SYSTEM32;C:\WINDOWS\WinSxS\amd64_microsoft.windows.common-controls_6595b64144ccf1df_6.0.26100.8521_none_3e08b75ce33403b3;C:\Program Files\Eclipse Adoptium\jdk-17.0.16.8-hotspot\bin\server

VM Arguments:
jvm_args: -XX:TieredStopAtLevel=1 
java_command: com.example.demo.DemoApplication
java_class_path (initial): C:\Jesmin Sheladiya\react project\demo\target\classes;C:\Users\DELL\.m2\repository\org\springframework\boot\spring-boot\3.5.5\spring-boot-3.5.5.jar;C:\Users\DELL\.m2\repository\org\springframework\boot\spring-boot-autoconfigure\3.5.5\spring-boot-autoconfigure-3.5.5.jar;C:\Users\DELL\.m2\repository\ch\qos\logback\logback-classic\1.5.18\logback-classic-1.5.18.jar;C:\Users\DELL\.m2\repository\ch\qos\logback\logback-core\1.5.18\logback-core-1.5.18.jar;C:\Users\DELL\.m2\repository\org\apache\logging\log4j\log4j-to-slf4j\2.24.3\log4j-to-slf4j-2.24.3.jar;C:\Users\DELL\.m2\repository\org\apache\logging\log4j\log4j-api\2.24.3\log4j-api-2.24.3.jar;C:\Users\DELL\.m2\repository\org\slf4j\jul-to-slf4j\2.0.17\jul-to-slf4j-2.0.17.jar;C:\Users\DELL\.m2\repository\jakarta\annotation\jakarta.annotation-api\2.1.1\jakarta.annotation-api-2.1.1.jar;C:\Users\DELL\.m2\repository\org\yaml\snakeyaml\2.4\snakeyaml-2.4.jar;C:\Users\DELL\.m2\repository\com\zaxxer\HikariCP\6.3.2\HikariCP-6.3.2.jar;C:\Users\DELL\.m2\repository\org\springframework\spring-jdbc\6.2.10\spring-jdbc-6.2.10.jar;C:\Users\DELL\.m2\repository\org\hibernate\orm\hibernate-core\6.6.26.Final\hibernate-core-6.6.26.Final.jar;C:\Users\DELL\.m2\repository\jakarta\persistence\jakarta.persistence-api\3.1.0\jakarta.persistence-api-3.1.0.jar;C:\Users\DELL\.m2\repository\jakarta\transaction\jakarta.transaction-api\2.0.1\jakarta.transaction-api-2.0.1.jar;C:\Users\DELL\.m2\repository\org\jboss\logging\jboss-logging\3.6.1.Final\jboss-logging-3.6.1.Final.jar;C:\Users\DELL\.m2\repository\org\hibernate\common\hibernate-commons-annotations\7.0.3.Final\hibernate-commons-annotations-7.0.3.Final.jar;C:\Users\DELL\.m2\repository\io\smallrye\jandex\3.2.0\jandex-3.2.0.jar;C:\Users\DELL\.m2\repository\com\fasterxml\classmate\1.7.0\classmate-1.7.0.jar;C:\Users\DELL\.m2\repository\net\bytebuddy\byte-buddy\1.17.7\byte-buddy-1.17.7.jar;C:\Users\DELL\.m2\repository\org\glassfish\jaxb\jaxb-runtime\4.0.5\jaxb-runtime-4.0.5.jar;
Launcher Type: SUN_STANDARD

[Global flags]
     intx CICompilerCount                          = 4                                         {product} {ergonomic}
     uint ConcGCThreads                            = 2                                         {product} {ergonomic}
     uint G1ConcRefinementThreads                  = 8                                         {product} {ergonomic}
   size_t G1HeapRegionSize                         = 1048576                                   {product} {ergonomic}
    uintx GCDrainStackTargetSize                   = 64                                        {product} {ergonomic}
   size_t InitialHeapSize                          = 100663296                                 {product} {ergonomic}
   size_t MarkStackSize                            = 4194304                                   {product} {ergonomic}
   size_t MaxHeapSize                              = 1581252608                                {product} {ergonomic}
   size_t MaxNewSize                               = 947912704                                 {product} {ergonomic}
   size_t MinHeapDeltaBytes                        = 1048576                                   {product} {ergonomic}
   size_t MinHeapSize                              = 8388608                                   {product} {ergonomic}
    uintx NonProfiledCodeHeapSize                  = 0                                      {pd product} {ergonomic}
     bool ProfileInterpreter                       = false                                  {pd product} {command line}
    uintx ProfiledCodeHeapSize                     = 0                                      {pd product} {ergonomic}
   size_t SoftMaxHeapSize                          = 1581252608                             {manageable} {ergonomic}
     intx TieredStopAtLevel                        = 1                                         {product} {command line}
     bool UseCompressedClassPointers               = true                           {product lp64_product} {ergonomic}
     bool UseCompressedOops                        = true                           {product lp64_product} {ergonomic}
     bool UseG1GC                                  = true                                      {product} {ergonomic}
     bool UseLargePagesIndividualAllocation        = false                                  {pd product} {ergonomic}

Logging:
Log output configuration:
 #0: stdout all=warning uptime,level,tags
 #1: stderr all=off uptime,level,tags

Environment Variables:
JAVA_HOME=C:\Program Files\Eclipse Adoptium\jdk-17.0.16.8-hotspot
PATH=C:\Program Files\Eclipse Adoptium\jdk-17.0.16.8-hotspot\bin;C:\Program Files (x86)\Common Files\Oracle\Java\java8path;C:\Program Files (x86)\Common Files\Oracle\Java\javapath;C:\Program Files\nodejs\;C:\Program Files\apache-maven-3.9.11\bin;C:\Program Files\Eclipse Adoptium\jdk-17\bin;C:\Program Files\Eclipse Adoptium\jdk-17.0.16.8-hotspot\bin;;C:\WINDOWS\system32;C:\WINDOWS;C:\WINDOWS\System32\Wbem;C:\WINDOWS\System32\WindowsPowerShell\v1.0\;C:\WINDOWS\System32\OpenSSH\;C:\Program Files\dotnet\;C:\Program Files\PowerToys\DSCModules\;C:\Ruby32-x64\bin;C:\Users\DELL\AppData\Local\Microsoft\WindowsApps;C:\Users\DELL\AppData\Local\Programs\Microsoft VS Code\bin;C:\Users\DELL\AppData\Local\GitHubDesktop\bin;C:\Program Files\Java\jdk1.8.0_202\bin;C:\Users\DELL\AppData\Roaming\npm;C:\Users\DELL\AppData\Local\Programs\Antigravity IDE\bin
USERNAME=DELL
OS=Windows_NT
PROCESSOR_IDENTIFIER=AMD64 Family 23 Model 24 Stepping 1, AuthenticAMD
TMP=C:\Users\DELL\AppData\Local\Temp
TEMP=C:\Users\DELL\AppData\Local\Temp



Periodic native trim disabled


---------------  S Y S T E M  ---------------

OS:
 Windows 11 , 64 bit Build 26100 (10.0.26100.8521)
OS uptime: 10 days 0:21 hours

CPU: total 8 (initial active 8) (8 cores per cpu, 2 threads per core) family 23 model 24 stepping 1 microcode 0x810810d, cx8, cmov, fxsr, ht, mmx, 3dnowpref, sse, sse2, sse3, ssse3, sse4a, sse4.1, sse4.2, popcnt, lzcnt, tsc, tscinvbit, avx, avx2, aes, clmul, bmi1, bmi2, adx, sha, fma, vzeroupper, clflush, clflushopt
Processor Information for all 8 processors :
  Max Mhz: 2100, Current Mhz: 2100, Mhz Limit: 2100

Memory: 4k page, system-wide physical 6030M (1132M free)
TotalPageFile size 24462M (AvailPageFile size 128M)
current process WorkingSet (physical memory assigned to process): 210M, peak: 210M
current process commit charge ("private bytes"): 270M, peak: 360M

vm_info: OpenJDK 64-Bit Server VM (17.0.16+8) for windows-amd64 JRE (17.0.16+8), built on Jul 16 2025 10:37:56 by "admin" with MS VC++ 17.7 (VS2022)

END.
