#
# There is insufficient memory for the Java Runtime Environment to continue.
# Native memory allocation (mmap) failed to map 289406976 bytes. Error detail: G1 virtual space
# Possible reasons:
#   The system is out of physical RAM or swap space
#   This process is running with CompressedOops enabled, and the Java Heap may be blocking the growth of the native heap
# Possible solutions:
#   Reduce memory load on the system
#   Increase physical memory or swap space
#   Check if swap backing store is full
#   Decrease Java heap size (-Xmx/-Xms)
#   Decrease number of Java threads
#   Decrease Java thread stack sizes (-Xss)
#   Set larger code cache with -XX:ReservedCodeCacheSize=
#   JVM is running with Unscaled Compressed Oops mode in which the Java heap is
#     placed in the first 4GB address space. The Java Heap base address is the
#     maximum limit for the native heap growth. Please use -XX:HeapBaseMinAddress
#     to set the Java Heap base and to place the Java Heap above 4GB virtual address.
# This output file may be truncated or incomplete.
#
#  Out of Memory Error (os_windows.cpp:3618), pid=11936, tid=1224
#
# JRE version: OpenJDK Runtime Environment Temurin-17.0.16+8 (17.0.16+8) (build 17.0.16+8)
# Java VM: OpenJDK 64-Bit Server VM Temurin-17.0.16+8 (17.0.16+8, mixed mode, emulated-client, sharing, tiered, compressed oops, compressed class ptrs, g1 gc, windows-amd64)
# No core dump will be written. Minidumps are not enabled by default on client versions of Windows
#

---------------  S U M M A R Y ------------

Command Line: -XX:TieredStopAtLevel=1 com.example.demo.DemoApplication

Host: AMD Ryzen 5 3450U with Radeon Vega Mobile Gfx  , 8 cores, 5G,  Windows 11 , 64 bit Build 26100 (10.0.26100.8521)
Time: Thu Jun 25 08:25:31 2026 India Standard Time elapsed time: 13.806341 seconds (0d 0h 0m 13s)

---------------  T H R E A D  ---------------

Current thread (0x000001e5321203a0):  VMThread "VM Thread" [stack: 0x000000437ec00000,0x000000437ed00000] [id=1224]

Stack: [0x000000437ec00000,0x000000437ed00000]
Native frames: (J=compiled Java code, j=interpreted, Vv=VM code, C=native code)
V  [jvm.dll+0x683169]
V  [jvm.dll+0x839ac8]
V  [jvm.dll+0x83b573]
V  [jvm.dll+0x83bbe3]
V  [jvm.dll+0x2473ff]
V  [jvm.dll+0x67ff49]
V  [jvm.dll+0x674e3a]
V  [jvm.dll+0x304ea6]
V  [jvm.dll+0x30c366]
V  [jvm.dll+0x35deee]
V  [jvm.dll+0x35e12d]
V  [jvm.dll+0x2dc26c]
V  [jvm.dll+0x2da60f]
V  [jvm.dll+0x2d9d7c]
V  [jvm.dll+0x31d55b]
V  [jvm.dll+0x84041d]
V  [jvm.dll+0x841153]
V  [jvm.dll+0x84167f]
V  [jvm.dll+0x841a64]
V  [jvm.dll+0x841b2e]
V  [jvm.dll+0x7e979c]
V  [jvm.dll+0x682047]
C  [ucrtbase.dll+0x2cd30]
C  [KERNEL32.DLL+0x2e957]
C  [ntdll.dll+0x87c1c]

VM_Operation (0x000000437e6f76d0): G1CollectForAllocation, mode: safepoint, requested by thread 0x000001e52124a270


---------------  P R O C E S S  ---------------

Threads class SMR info:
_java_thread_list=0x000001e578d23d80, length=16, elements={
0x000001e52124a270, 0x000001e532129910, 0x000001e53212a4d0, 0x000001e532149240,
0x000001e532149c00, 0x000001e53214c5e0, 0x000001e53214cfa0, 0x000001e53214d960,
0x000001e532157890, 0x000001e532112380, 0x000001e5323cc8a0, 0x000001e5323d11f0,
0x000001e532ab86e0, 0x000001e578a3c460, 0x000001e578a3cd40, 0x000001e578aa0650
}

Java Threads: ( => current thread )
  0x000001e52124a270 JavaThread "main" [_thread_blocked, id=920, stack(0x000000437e600000,0x000000437e700000)]
  0x000001e532129910 JavaThread "Reference Handler" daemon [_thread_blocked, id=29328, stack(0x000000437ed00000,0x000000437ee00000)]
  0x000001e53212a4d0 JavaThread "Finalizer" daemon [_thread_blocked, id=12988, stack(0x000000437ee00000,0x000000437ef00000)]
  0x000001e532149240 JavaThread "Signal Dispatcher" daemon [_thread_blocked, id=28228, stack(0x000000437ef00000,0x000000437f000000)]
  0x000001e532149c00 JavaThread "Attach Listener" daemon [_thread_blocked, id=21232, stack(0x000000437f000000,0x000000437f100000)]
  0x000001e53214c5e0 JavaThread "Service Thread" daemon [_thread_blocked, id=16120, stack(0x000000437f100000,0x000000437f200000)]
  0x000001e53214cfa0 JavaThread "Monitor Deflation Thread" daemon [_thread_blocked, id=22188, stack(0x000000437f200000,0x000000437f300000)]
  0x000001e53214d960 JavaThread "C1 CompilerThread0" daemon [_thread_blocked, id=19176, stack(0x000000437f300000,0x000000437f400000)]
  0x000001e532157890 JavaThread "Sweeper thread" daemon [_thread_blocked, id=23852, stack(0x000000437f400000,0x000000437f500000)]
  0x000001e532112380 JavaThread "C1 CompilerThread1" daemon [_thread_blocked, id=28548, stack(0x000000437f500000,0x000000437f600000)]
  0x000001e5323cc8a0 JavaThread "Notification Thread" daemon [_thread_blocked, id=20232, stack(0x000000437f600000,0x000000437f700000)]
  0x000001e5323d11f0 JavaThread "Common-Cleaner" daemon [_thread_blocked, id=25512, stack(0x000000437f800000,0x000000437f900000)]
  0x000001e532ab86e0 JavaThread "C1 CompilerThread2" daemon [_thread_blocked, id=29404, stack(0x000000437f900000,0x000000437fa00000)]
  0x000001e578a3c460 JavaThread "PostgreSQL-JDBC-Cleaner" daemon [_thread_blocked, id=12632, stack(0x0000004300500000,0x0000004300600000)]
  0x000001e578a3cd40 JavaThread "HikariPool-1:housekeeper" daemon [_thread_blocked, id=10472, stack(0x0000004300600000,0x0000004300700000)]
  0x000001e578aa0650 JavaThread "HikariPool-1:connection-adder" daemon [_thread_blocked, id=28356, stack(0x0000004300700000,0x0000004300800000)]

Other Threads:
=>0x000001e5321203a0 VMThread "VM Thread" [stack: 0x000000437ec00000,0x000000437ed00000] [id=1224]
  0x000001e5323ced90 WatcherThread [stack: 0x000000437f700000,0x000000437f800000] [id=21300]
  0x000001e5212a0640 GCTaskThread "GC Thread#0" [stack: 0x000000437e700000,0x000000437e800000] [id=7688]
  0x000001e532b0dc30 GCTaskThread "GC Thread#1" [stack: 0x000000437fa00000,0x000000437fb00000] [id=30656]
  0x000001e532b58270 GCTaskThread "GC Thread#2" [stack: 0x000000437fb00000,0x000000437fc00000] [id=14580]
  0x000001e532b27180 GCTaskThread "GC Thread#3" [stack: 0x000000437fc00000,0x000000437fd00000] [id=7572]
  0x000001e532b7e840 GCTaskThread "GC Thread#4" [stack: 0x000000437fd00000,0x000000437fe00000] [id=23764]
  0x000001e532e1a9c0 GCTaskThread "GC Thread#5" [stack: 0x000000437ff00000,0x0000004380000000] [id=2572]
  0x000001e532e1b490 GCTaskThread "GC Thread#6" [stack: 0x0000004300000000,0x0000004300100000] [id=23556]
  0x000001e532e1f760 GCTaskThread "GC Thread#7" [stack: 0x0000004300100000,0x0000004300200000] [id=27012]
  0x000001e5212ad210 ConcurrentGCThread "G1 Main Marker" [stack: 0x000000437e800000,0x000000437e900000] [id=3576]
  0x000001e5212adc30 ConcurrentGCThread "G1 Conc#0" [stack: 0x000000437e900000,0x000000437ea00000] [id=26176]
  0x000001e57813db50 ConcurrentGCThread "G1 Conc#1" [stack: 0x0000004300300000,0x0000004300400000] [id=18044]
  0x000001e531fe2850 ConcurrentGCThread "G1 Refine#0" [stack: 0x000000437ea00000,0x000000437eb00000] [id=20460]
  0x000001e578e43f90 ConcurrentGCThread "G1 Refine#1" [stack: 0x0000004300200000,0x0000004300300000] [id=9796]
  0x000001e578e44860 ConcurrentGCThread "G1 Refine#2" [stack: 0x0000004300800000,0x0000004300900000] [id=20616]
  0x000001e578e44b50 ConcurrentGCThread "G1 Refine#3" [stack: 0x0000004300900000,0x0000004300a00000] [id=20312]
  0x000001e578e433d0 ConcurrentGCThread "G1 Refine#4" [stack: 0x0000004300a00000,0x0000004300b00000] [id=22308]
  0x000001e5212fd5b0 ConcurrentGCThread "G1 Service" [stack: 0x000000437eb00000,0x000000437ec00000] [id=23224]

Threads with active compile tasks:

VM state: at safepoint (normal execution)

VM Mutex/Monitor currently owned by a thread:  ([mutex/lock_event])
[0x000001e51f108650] Threads_lock - owner thread: 0x000001e5321203a0
[0x000001e521247ae0] Heap_lock - owner thread: 0x000001e52124a270

Heap address: 0x00000000a1c00000, size: 1508 MB, Compressed Oops mode: 32-bit

CDS archive(s) mapped at: [0x000001e533000000-0x000001e533bb0000-0x000001e533bb0000), size 12255232, SharedBaseAddress: 0x000001e533000000, ArchiveRelocationMode: 1.
Compressed class space mapped at: 0x000001e534000000-0x000001e574000000, reserved size: 1073741824
Narrow klass base: 0x000001e533000000, Narrow klass shift: 0, Narrow klass range: 0x100000000

GC Precious Log:
 CPUs: 8 total, 8 available
 Memory: 6030M
 Large Page Support: Disabled
 NUMA Support: Disabled
 Compressed Oops: Enabled (32-bit)
 Heap Region Size: 1M
 Heap Min Capacity: 8M
 Heap Initial Capacity: 96M
 Heap Max Capacity: 1508M
 Pre-touch: Disabled
 Parallel Workers: 8
 Concurrent Workers: 2
 Concurrent Refinement Workers: 8
 Periodic GC: Disabled

Heap:
 garbage-first heap   total 141312K, used 77397K [0x00000000a1c00000, 0x0000000100000000)
  region size 1024K, 5 young (5120K), 5 survivors (5120K)
 Metaspace       used 60699K, committed 61248K, reserved 1114112K
  class space    used 9188K, committed 9408K, reserved 1048576K

Heap Regions: E=young(eden), S=young(survivor), O=old, HS=humongous(starts), HC=humongous(continues), CS=collection set, F=free, OA=open archive, CA=closed archive, TAMS=top-at-mark-start (previous, next)
|   0|0x00000000a1c00000, 0x00000000a1d00000, 0x00000000a1d00000|100%|HS|  |TAMS 0x00000000a1d00000, 0x00000000a1d00000| Complete 
|   1|0x00000000a1d00000, 0x00000000a1e00000, 0x00000000a1e00000|100%|HS|  |TAMS 0x00000000a1e00000, 0x00000000a1e00000| Complete 
|   2|0x00000000a1e00000, 0x00000000a1f00000, 0x00000000a1f00000|100%| O|  |TAMS 0x00000000a1f00000, 0x00000000a1f00000| Untracked 
|   3|0x00000000a1f00000, 0x00000000a2000000, 0x00000000a2000000|100%| O|  |TAMS 0x00000000a2000000, 0x00000000a2000000| Untracked 
|   4|0x00000000a2000000, 0x00000000a2100000, 0x00000000a2100000|100%| O|  |TAMS 0x00000000a2100000, 0x00000000a2100000| Untracked 
|   5|0x00000000a2100000, 0x00000000a2200000, 0x00000000a2200000|100%| O|  |TAMS 0x00000000a2200000, 0x00000000a2200000| Untracked 
|   6|0x00000000a2200000, 0x00000000a2300000, 0x00000000a2300000|100%| O|  |TAMS 0x00000000a2300000, 0x00000000a2300000| Untracked 
|   7|0x00000000a2300000, 0x00000000a2400000, 0x00000000a2400000|100%| O|  |TAMS 0x00000000a2400000, 0x00000000a2400000| Untracked 
|   8|0x00000000a2400000, 0x00000000a2500000, 0x00000000a2500000|100%| O|  |TAMS 0x00000000a2500000, 0x00000000a2500000| Untracked 
|   9|0x00000000a2500000, 0x00000000a2600000, 0x00000000a2600000|100%| O|  |TAMS 0x00000000a2600000, 0x00000000a2600000| Untracked 
|  10|0x00000000a2600000, 0x00000000a2700000, 0x00000000a2700000|100%| O|  |TAMS 0x00000000a2700000, 0x00000000a2700000| Untracked 
|  11|0x00000000a2700000, 0x00000000a2800000, 0x00000000a2800000|100%| O|  |TAMS 0x00000000a2800000, 0x00000000a2800000| Untracked 
|  12|0x00000000a2800000, 0x00000000a2900000, 0x00000000a2900000|100%| O|  |TAMS 0x00000000a2900000, 0x00000000a2900000| Untracked 
|  13|0x00000000a2900000, 0x00000000a2a00000, 0x00000000a2a00000|100%| O|  |TAMS 0x00000000a2a00000, 0x00000000a2a00000| Untracked 
|  14|0x00000000a2a00000, 0x00000000a2b00000, 0x00000000a2b00000|100%| O|  |TAMS 0x00000000a2b00000, 0x00000000a2b00000| Untracked 
|  15|0x00000000a2b00000, 0x00000000a2c00000, 0x00000000a2c00000|100%| O|  |TAMS 0x00000000a2c00000, 0x00000000a2c00000| Untracked 
|  16|0x00000000a2c00000, 0x00000000a2d00000, 0x00000000a2d00000|100%| O|  |TAMS 0x00000000a2d00000, 0x00000000a2d00000| Untracked 
|  17|0x00000000a2d00000, 0x00000000a2e00000, 0x00000000a2e00000|100%| O|  |TAMS 0x00000000a2e00000, 0x00000000a2e00000| Untracked 
|  18|0x00000000a2e00000, 0x00000000a2f00000, 0x00000000a2f00000|100%| O|  |TAMS 0x00000000a2e00000, 0x00000000a2f00000| Untracked 
|  19|0x00000000a2f00000, 0x00000000a3000000, 0x00000000a3000000|100%| O|  |TAMS 0x00000000a3000000, 0x00000000a3000000| Untracked 
|  20|0x00000000a3000000, 0x00000000a3100000, 0x00000000a3100000|100%| O|  |TAMS 0x00000000a3100000, 0x00000000a3100000| Untracked 
|  21|0x00000000a3100000, 0x00000000a3200000, 0x00000000a3200000|100%| O|  |TAMS 0x00000000a3200000, 0x00000000a3200000| Untracked 
|  22|0x00000000a3200000, 0x00000000a3300000, 0x00000000a3300000|100%| O|  |TAMS 0x00000000a3300000, 0x00000000a3300000| Untracked 
|  23|0x00000000a3300000, 0x00000000a3400000, 0x00000000a3400000|100%| O|  |TAMS 0x00000000a3400000, 0x00000000a3400000| Untracked 
|  24|0x00000000a3400000, 0x00000000a3500000, 0x00000000a3500000|100%| O|  |TAMS 0x00000000a3500000, 0x00000000a3500000| Untracked 
|  25|0x00000000a3500000, 0x00000000a3600000, 0x00000000a3600000|100%| O|  |TAMS 0x00000000a3600000, 0x00000000a3600000| Untracked 
|  26|0x00000000a3600000, 0x00000000a3700000, 0x00000000a3700000|100%| O|  |TAMS 0x00000000a3700000, 0x00000000a3700000| Untracked 
|  27|0x00000000a3700000, 0x00000000a3800000, 0x00000000a3800000|100%| O|  |TAMS 0x00000000a3800000, 0x00000000a3800000| Untracked 
|  28|0x00000000a3800000, 0x00000000a3900000, 0x00000000a3900000|100%| O|  |TAMS 0x00000000a3900000, 0x00000000a3900000| Untracked 
|  29|0x00000000a3900000, 0x00000000a3a00000, 0x00000000a3a00000|100%| O|  |TAMS 0x00000000a3a00000, 0x00000000a3a00000| Untracked 
|  30|0x00000000a3a00000, 0x00000000a3b00000, 0x00000000a3b00000|100%| O|  |TAMS 0x00000000a3b00000, 0x00000000a3b00000| Untracked 
|  31|0x00000000a3b00000, 0x00000000a3c00000, 0x00000000a3c00000|100%| O|  |TAMS 0x00000000a3c00000, 0x00000000a3c00000| Untracked 
|  32|0x00000000a3c00000, 0x00000000a3d00000, 0x00000000a3d00000|100%| O|  |TAMS 0x00000000a3d00000, 0x00000000a3d00000| Untracked 
|  33|0x00000000a3d00000, 0x00000000a3e00000, 0x00000000a3e00000|100%| O|  |TAMS 0x00000000a3d80c00, 0x00000000a3e00000| Untracked 
|  34|0x00000000a3e00000, 0x00000000a3f00000, 0x00000000a3f00000|100%| O|  |TAMS 0x00000000a3e00000, 0x00000000a3f00000| Untracked 
|  35|0x00000000a3f00000, 0x00000000a4000000, 0x00000000a4000000|100%| O|  |TAMS 0x00000000a3f00000, 0x00000000a4000000| Untracked 
|  36|0x00000000a4000000, 0x00000000a4100000, 0x00000000a4100000|100%| O|  |TAMS 0x00000000a4000000, 0x00000000a4100000| Untracked 
|  37|0x00000000a4100000, 0x00000000a4200000, 0x00000000a4200000|100%| O|  |TAMS 0x00000000a4100000, 0x00000000a4200000| Untracked 
|  38|0x00000000a4200000, 0x00000000a4300000, 0x00000000a4300000|100%| O|  |TAMS 0x00000000a4200000, 0x00000000a4300000| Untracked 
|  39|0x00000000a4300000, 0x00000000a4400000, 0x00000000a4400000|100%| O|  |TAMS 0x00000000a4300000, 0x00000000a4400000| Untracked 
|  40|0x00000000a4400000, 0x00000000a4500000, 0x00000000a4500000|100%| O|  |TAMS 0x00000000a4400000, 0x00000000a4500000| Untracked 
|  41|0x00000000a4500000, 0x00000000a4600000, 0x00000000a4600000|100%|HS|  |TAMS 0x00000000a4500000, 0x00000000a4600000| Complete 
|  42|0x00000000a4600000, 0x00000000a4700000, 0x00000000a4700000|100%| O|  |TAMS 0x00000000a4600000, 0x00000000a4700000| Untracked 
|  43|0x00000000a4700000, 0x00000000a4800000, 0x00000000a4800000|100%| O|  |TAMS 0x00000000a4700000, 0x00000000a4800000| Untracked 
|  44|0x00000000a4800000, 0x00000000a4900000, 0x00000000a4900000|100%| O|  |TAMS 0x00000000a4800000, 0x00000000a4900000| Untracked 
|  45|0x00000000a4900000, 0x00000000a4a00000, 0x00000000a4a00000|100%| O|  |TAMS 0x00000000a4900000, 0x00000000a4a00000| Untracked 
|  46|0x00000000a4a00000, 0x00000000a4b00000, 0x00000000a4b00000|100%| O|  |TAMS 0x00000000a4a00000, 0x00000000a4b00000| Untracked 
|  47|0x00000000a4b00000, 0x00000000a4c00000, 0x00000000a4c00000|100%| O|  |TAMS 0x00000000a4b00000, 0x00000000a4c00000| Untracked 
|  48|0x00000000a4c00000, 0x00000000a4d00000, 0x00000000a4d00000|100%| O|  |TAMS 0x00000000a4c00000, 0x00000000a4d00000| Untracked 
|  49|0x00000000a4d00000, 0x00000000a4e00000, 0x00000000a4e00000|100%| O|  |TAMS 0x00000000a4d00000, 0x00000000a4e00000| Untracked 
|  50|0x00000000a4e00000, 0x00000000a4f00000, 0x00000000a4f00000|100%| O|  |TAMS 0x00000000a4e00000, 0x00000000a4f00000| Untracked 
|  51|0x00000000a4f00000, 0x00000000a5000000, 0x00000000a5000000|100%| O|  |TAMS 0x00000000a4f00000, 0x00000000a5000000| Untracked 
|  52|0x00000000a5000000, 0x00000000a5100000, 0x00000000a5100000|100%| O|  |TAMS 0x00000000a5000000, 0x00000000a5100000| Untracked 
|  53|0x00000000a5100000, 0x00000000a5200000, 0x00000000a5200000|100%| O|  |TAMS 0x00000000a5100000, 0x00000000a5200000| Untracked 
|  54|0x00000000a5200000, 0x00000000a5300000, 0x00000000a5300000|100%| O|  |TAMS 0x00000000a5200000, 0x00000000a5300000| Untracked 
|  55|0x00000000a5300000, 0x00000000a5400000, 0x00000000a5400000|100%| O|  |TAMS 0x00000000a5300000, 0x00000000a5400000| Untracked 
|  56|0x00000000a5400000, 0x00000000a5500000, 0x00000000a5500000|100%| O|  |TAMS 0x00000000a5400000, 0x00000000a5500000| Untracked 
|  57|0x00000000a5500000, 0x00000000a5600000, 0x00000000a5600000|100%| O|  |TAMS 0x00000000a5500000, 0x00000000a5600000| Untracked 
|  58|0x00000000a5600000, 0x00000000a5700000, 0x00000000a5700000|100%| O|  |TAMS 0x00000000a5600000, 0x00000000a5700000| Untracked 
|  59|0x00000000a5700000, 0x00000000a5800000, 0x00000000a5800000|100%| O|  |TAMS 0x00000000a5700000, 0x00000000a5800000| Untracked 
|  60|0x00000000a5800000, 0x00000000a5900000, 0x00000000a5900000|100%| O|  |TAMS 0x00000000a5800000, 0x00000000a5900000| Untracked 
|  61|0x00000000a5900000, 0x00000000a5a00000, 0x00000000a5a00000|100%| O|  |TAMS 0x00000000a5900000, 0x00000000a5a00000| Untracked 
|  62|0x00000000a5a00000, 0x00000000a5b00000, 0x00000000a5b00000|100%| O|  |TAMS 0x00000000a5a00000, 0x00000000a5b00000| Untracked 
|  63|0x00000000a5b00000, 0x00000000a5c00000, 0x00000000a5c00000|100%| O|  |TAMS 0x00000000a5b00000, 0x00000000a5c00000| Untracked 
|  64|0x00000000a5c00000, 0x00000000a5d00000, 0x00000000a5d00000|100%| O|  |TAMS 0x00000000a5c00000, 0x00000000a5c6aa00| Untracked 
|  65|0x00000000a5d00000, 0x00000000a5e00000, 0x00000000a5e00000|100%| O|  |TAMS 0x00000000a5d00000, 0x00000000a5d00000| Untracked 
|  66|0x00000000a5e00000, 0x00000000a5f00000, 0x00000000a5f00000|100%| O|  |TAMS 0x00000000a5e00000, 0x00000000a5e00000| Untracked 
|  67|0x00000000a5f00000, 0x00000000a6000000, 0x00000000a6000000|100%| O|  |TAMS 0x00000000a5f00000, 0x00000000a5f00000| Untracked 
|  68|0x00000000a6000000, 0x00000000a6100000, 0x00000000a6100000|100%| O|  |TAMS 0x00000000a6000000, 0x00000000a6000000| Untracked 
|  69|0x00000000a6100000, 0x00000000a6200000, 0x00000000a6200000|100%| O|  |TAMS 0x00000000a6100000, 0x00000000a6100000| Untracked 
|  70|0x00000000a6200000, 0x00000000a6295400, 0x00000000a6300000| 58%| O|  |TAMS 0x00000000a6200000, 0x00000000a6200000| Untracked 
|  71|0x00000000a6300000, 0x00000000a6300000, 0x00000000a6400000|  0%| F|  |TAMS 0x00000000a6300000, 0x00000000a6300000| Untracked 
|  72|0x00000000a6400000, 0x00000000a6400000, 0x00000000a6500000|  0%| F|  |TAMS 0x00000000a6400000, 0x00000000a6400000| Untracked 
|  73|0x00000000a6500000, 0x00000000a6500000, 0x00000000a6600000|  0%| F|  |TAMS 0x00000000a6500000, 0x00000000a6500000| Untracked 
|  74|0x00000000a6600000, 0x00000000a6600000, 0x00000000a6700000|  0%| F|  |TAMS 0x00000000a6600000, 0x00000000a6600000| Untracked 
|  75|0x00000000a6700000, 0x00000000a6700000, 0x00000000a6800000|  0%| F|  |TAMS 0x00000000a6700000, 0x00000000a6700000| Untracked 
|  76|0x00000000a6800000, 0x00000000a6800000, 0x00000000a6900000|  0%| F|  |TAMS 0x00000000a6800000, 0x00000000a6800000| Untracked 
|  77|0x00000000a6900000, 0x00000000a6900000, 0x00000000a6a00000|  0%| F|  |TAMS 0x00000000a6900000, 0x00000000a6900000| Untracked 
|  78|0x00000000a6a00000, 0x00000000a6a00000, 0x00000000a6b00000|  0%| F|  |TAMS 0x00000000a6a00000, 0x00000000a6a00000| Untracked 
|  79|0x00000000a6b00000, 0x00000000a6b00000, 0x00000000a6c00000|  0%| F|  |TAMS 0x00000000a6b00000, 0x00000000a6b00000| Untracked 
|  80|0x00000000a6c00000, 0x00000000a6c00000, 0x00000000a6d00000|  0%| F|  |TAMS 0x00000000a6c00000, 0x00000000a6c00000| Untracked 
|  81|0x00000000a6d00000, 0x00000000a6d00000, 0x00000000a6e00000|  0%| F|  |TAMS 0x00000000a6d00000, 0x00000000a6d00000| Untracked 
|  82|0x00000000a6e00000, 0x00000000a6e00000, 0x00000000a6f00000|  0%| F|  |TAMS 0x00000000a6e00000, 0x00000000a6e00000| Untracked 
|  83|0x00000000a6f00000, 0x00000000a6f00000, 0x00000000a7000000|  0%| F|  |TAMS 0x00000000a6f00000, 0x00000000a6f00000| Untracked 
|  84|0x00000000a7000000, 0x00000000a7000000, 0x00000000a7100000|  0%| F|  |TAMS 0x00000000a7000000, 0x00000000a7000000| Untracked 
|  85|0x00000000a7100000, 0x00000000a7100000, 0x00000000a7200000|  0%| F|  |TAMS 0x00000000a7100000, 0x00000000a7100000| Untracked 
|  86|0x00000000a7200000, 0x00000000a7200000, 0x00000000a7300000|  0%| F|  |TAMS 0x00000000a7200000, 0x00000000a7200000| Untracked 
|  87|0x00000000a7300000, 0x00000000a7300000, 0x00000000a7400000|  0%| F|  |TAMS 0x00000000a7300000, 0x00000000a7300000| Untracked 
|  88|0x00000000a7400000, 0x00000000a7400000, 0x00000000a7500000|  0%| F|  |TAMS 0x00000000a7400000, 0x00000000a7400000| Untracked 
|  89|0x00000000a7500000, 0x00000000a7500000, 0x00000000a7600000|  0%| F|  |TAMS 0x00000000a7500000, 0x00000000a7500000| Untracked 
|  90|0x00000000a7600000, 0x00000000a7600000, 0x00000000a7700000|  0%| F|  |TAMS 0x00000000a7600000, 0x00000000a7600000| Untracked 
|  91|0x00000000a7700000, 0x00000000a7700000, 0x00000000a7800000|  0%| F|  |TAMS 0x00000000a7700000, 0x00000000a7700000| Untracked 
|  92|0x00000000a7800000, 0x00000000a7800000, 0x00000000a7900000|  0%| F|  |TAMS 0x00000000a7800000, 0x00000000a7800000| Untracked 
|  93|0x00000000a7900000, 0x00000000a7900000, 0x00000000a7a00000|  0%| F|  |TAMS 0x00000000a7900000, 0x00000000a7900000| Untracked 
|  94|0x00000000a7a00000, 0x00000000a7a00000, 0x00000000a7b00000|  0%| F|  |TAMS 0x00000000a7a00000, 0x00000000a7a00000| Untracked 
|  95|0x00000000a7b00000, 0x00000000a7b00000, 0x00000000a7c00000|  0%| F|  |TAMS 0x00000000a7b00000, 0x00000000a7b00000| Untracked 
|  96|0x00000000a7c00000, 0x00000000a7c00000, 0x00000000a7d00000|  0%| F|  |TAMS 0x00000000a7c00000, 0x00000000a7c00000| Untracked 
|  97|0x00000000a7d00000, 0x00000000a7d00000, 0x00000000a7e00000|  0%| F|  |TAMS 0x00000000a7d00000, 0x00000000a7d00000| Untracked 
|  98|0x00000000a7e00000, 0x00000000a7e00000, 0x00000000a7f00000|  0%| F|  |TAMS 0x00000000a7e00000, 0x00000000a7e00000| Untracked 
|  99|0x00000000a7f00000, 0x00000000a7f00000, 0x00000000a8000000|  0%| F|  |TAMS 0x00000000a7f00000, 0x00000000a7f00000| Untracked 
| 100|0x00000000a8000000, 0x00000000a8000000, 0x00000000a8100000|  0%| F|  |TAMS 0x00000000a8000000, 0x00000000a8000000| Untracked 
| 101|0x00000000a8100000, 0x00000000a8200000, 0x00000000a8200000|100%| S|CS|TAMS 0x00000000a8100000, 0x00000000a8100000| Complete 
| 102|0x00000000a8200000, 0x00000000a8300000, 0x00000000a8300000|100%| S|CS|TAMS 0x00000000a8200000, 0x00000000a8200000| Complete 
| 103|0x00000000a8300000, 0x00000000a8400000, 0x00000000a8400000|100%| S|CS|TAMS 0x00000000a8300000, 0x00000000a8300000| Complete 
| 104|0x00000000a8400000, 0x00000000a8500000, 0x00000000a8500000|100%| S|CS|TAMS 0x00000000a8400000, 0x00000000a8400000| Complete 
| 105|0x00000000a8500000, 0x00000000a8600000, 0x00000000a8600000|100%| S|CS|TAMS 0x00000000a8500000, 0x00000000a8500000| Complete 
| 106|0x00000000a8600000, 0x00000000a8600000, 0x00000000a8700000|  0%| F|  |TAMS 0x00000000a8600000, 0x00000000a8600000| Untracked 
| 107|0x00000000a8700000, 0x00000000a8700000, 0x00000000a8800000|  0%| F|  |TAMS 0x00000000a8700000, 0x00000000a8700000| Untracked 
| 108|0x00000000a8800000, 0x00000000a8800000, 0x00000000a8900000|  0%| F|  |TAMS 0x00000000a8800000, 0x00000000a8800000| Untracked 
| 109|0x00000000a8900000, 0x00000000a8900000, 0x00000000a8a00000|  0%| F|  |TAMS 0x00000000a8900000, 0x00000000a8900000| Untracked 
| 110|0x00000000a8a00000, 0x00000000a8a00000, 0x00000000a8b00000|  0%| F|  |TAMS 0x00000000a8a00000, 0x00000000a8a00000| Untracked 
| 111|0x00000000a8b00000, 0x00000000a8b00000, 0x00000000a8c00000|  0%| F|  |TAMS 0x00000000a8b00000, 0x00000000a8b00000| Untracked 
| 112|0x00000000a8c00000, 0x00000000a8c00000, 0x00000000a8d00000|  0%| F|  |TAMS 0x00000000a8c00000, 0x00000000a8c00000| Untracked 
| 113|0x00000000a8d00000, 0x00000000a8d00000, 0x00000000a8e00000|  0%| F|  |TAMS 0x00000000a8d00000, 0x00000000a8d00000| Untracked 
| 114|0x00000000a8e00000, 0x00000000a8e00000, 0x00000000a8f00000|  0%| F|  |TAMS 0x00000000a8e00000, 0x00000000a8e00000| Untracked 
| 115|0x00000000a8f00000, 0x00000000a8f00000, 0x00000000a9000000|  0%| F|  |TAMS 0x00000000a8f00000, 0x00000000a8f00000| Untracked 
| 116|0x00000000a9000000, 0x00000000a9000000, 0x00000000a9100000|  0%| F|  |TAMS 0x00000000a9000000, 0x00000000a9000000| Untracked 
| 117|0x00000000a9100000, 0x00000000a9100000, 0x00000000a9200000|  0%| F|  |TAMS 0x00000000a9100000, 0x00000000a9100000| Untracked 
| 118|0x00000000a9200000, 0x00000000a9200000, 0x00000000a9300000|  0%| F|  |TAMS 0x00000000a9200000, 0x00000000a9200000| Untracked 
| 119|0x00000000a9300000, 0x00000000a9300000, 0x00000000a9400000|  0%| F|  |TAMS 0x00000000a9300000, 0x00000000a9300000| Untracked 
| 120|0x00000000a9400000, 0x00000000a9400000, 0x00000000a9500000|  0%| F|  |TAMS 0x00000000a9400000, 0x00000000a9400000| Untracked 
| 121|0x00000000a9500000, 0x00000000a9500000, 0x00000000a9600000|  0%| F|  |TAMS 0x00000000a9500000, 0x00000000a9500000| Untracked 
| 122|0x00000000a9600000, 0x00000000a9600000, 0x00000000a9700000|  0%| F|  |TAMS 0x00000000a9600000, 0x00000000a9600000| Untracked 
| 123|0x00000000a9700000, 0x00000000a9700000, 0x00000000a9800000|  0%| F|  |TAMS 0x00000000a9700000, 0x00000000a9700000| Untracked 
| 124|0x00000000a9800000, 0x00000000a9800000, 0x00000000a9900000|  0%| F|  |TAMS 0x00000000a9800000, 0x00000000a9800000| Untracked 
| 125|0x00000000a9900000, 0x00000000a9900000, 0x00000000a9a00000|  0%| F|  |TAMS 0x00000000a9900000, 0x00000000a9900000| Untracked 
| 126|0x00000000a9a00000, 0x00000000a9a00000, 0x00000000a9b00000|  0%| F|  |TAMS 0x00000000a9a00000, 0x00000000a9a00000| Untracked 
| 127|0x00000000a9b00000, 0x00000000a9b00000, 0x00000000a9c00000|  0%| F|  |TAMS 0x00000000a9b00000, 0x00000000a9b00000| Untracked 
| 128|0x00000000a9c00000, 0x00000000a9c00000, 0x00000000a9d00000|  0%| F|  |TAMS 0x00000000a9c00000, 0x00000000a9c00000| Untracked 
| 129|0x00000000a9d00000, 0x00000000a9d00000, 0x00000000a9e00000|  0%| F|  |TAMS 0x00000000a9d00000, 0x00000000a9d00000| Untracked 
| 130|0x00000000a9e00000, 0x00000000a9e00000, 0x00000000a9f00000|  0%| F|  |TAMS 0x00000000a9e00000, 0x00000000a9e00000| Untracked 
| 131|0x00000000a9f00000, 0x00000000a9f00000, 0x00000000aa000000|  0%| F|  |TAMS 0x00000000a9f00000, 0x00000000a9f00000| Untracked 
| 132|0x00000000aa000000, 0x00000000aa000000, 0x00000000aa100000|  0%| F|  |TAMS 0x00000000aa000000, 0x00000000aa000000| Untracked 
| 133|0x00000000aa100000, 0x00000000aa100000, 0x00000000aa200000|  0%| F|  |TAMS 0x00000000aa100000, 0x00000000aa100000| Untracked 
| 134|0x00000000aa200000, 0x00000000aa200000, 0x00000000aa300000|  0%| F|  |TAMS 0x00000000aa200000, 0x00000000aa200000| Untracked 
| 135|0x00000000aa300000, 0x00000000aa300000, 0x00000000aa400000|  0%| F|  |TAMS 0x00000000aa300000, 0x00000000aa300000| Untracked 
| 136|0x00000000aa400000, 0x00000000aa400000, 0x00000000aa500000|  0%| F|  |TAMS 0x00000000aa400000, 0x00000000aa400000| Untracked 
| 137|0x00000000aa500000, 0x00000000aa500000, 0x00000000aa600000|  0%| F|  |TAMS 0x00000000aa500000, 0x00000000aa500000| Untracked 

Card table byte_map: [0x000001e52c1b0000,0x000001e52c4b0000] _byte_map_base: 0x000001e52bca2000

Marking Bits (Prev, Next): (CMBitMap*) 0x000001e5212a0ca0, (CMBitMap*) 0x000001e5212a0c60
 Prev Bits: [0x000001e52df40000, 0x000001e52f6d0000)
 Next Bits: [0x000001e52c7b0000, 0x000001e52df40000)

Polling page: 0x000001e520a00000

Metaspace:

Usage:
  Non-class:     50.30 MB used.
      Class:      8.97 MB used.
       Both:     59.28 MB used.

Virtual space:
  Non-class space:       64.00 MB reserved,      50.62 MB ( 79%) committed,  1 nodes.
      Class space:        1.00 GB reserved,       9.19 MB ( <1%) committed,  1 nodes.
             Both:        1.06 GB reserved,      59.81 MB (  5%) committed. 

Chunk freelists:
   Non-Class:  13.27 MB
       Class:  6.62 MB
        Both:  19.89 MB

MaxMetaspaceSize: unlimited
CompressedClassSpaceSize: 1.00 GB
Initial GC threshold: 21.00 MB
Current GC threshold: 97.50 MB
CDS: on
MetaspaceReclaimPolicy: balanced
 - commit_granule_bytes: 65536.
 - commit_granule_words: 8192.
 - virtual_space_node_default_size: 8388608.
 - enlarge_chunks_in_place: 1.
 - new_chunks_are_fully_committed: 0.
 - uncommit_free_chunks: 1.
 - use_allocation_guard: 0.
 - handle_deallocations: 1.


Internal statistics:

num_allocs_failed_limit: 6.
num_arena_births: 754.
num_arena_deaths: 0.
num_vsnodes_births: 2.
num_vsnodes_deaths: 0.
num_space_committed: 957.
num_space_uncommitted: 0.
num_chunks_returned_to_freelist: 6.
num_chunks_taken_from_freelist: 3011.
num_chunk_merges: 6.
num_chunk_splits: 2220.
num_chunks_enlarged: 1776.
num_inconsistent_stats: 0.

CodeCache: size=49152Kb used=10440Kb max_used=10440Kb free=38711Kb
 bounds [0x000001e528da0000, 0x000001e5297e0000, 0x000001e52bda0000]
 total_blobs=5968 nmethods=5324 adapters=568
 compilation: enabled
              stopped_count=0, restarted_count=0
 full_count=0

Compilation events (20 events):
Event: 13.533 Thread 0x000001e532112380 nmethod 5315 0x000001e5297cd790 code [0x000001e5297cd920, 0x000001e5297cd9f8]
Event: 13.534 Thread 0x000001e532ab86e0 nmethod 5314 0x000001e5297cda90 code [0x000001e5297cdc60, 0x000001e5297cdeb8]
Event: 13.668 Thread 0x000001e532112380 5316       1       org.antlr.v4.runtime.misc.FlexibleHashMap::createEntryListArray (7 bytes)
Event: 13.668 Thread 0x000001e532112380 nmethod 5316 0x000001e5297ce090 code [0x000001e5297ce220, 0x000001e5297ce358]
Event: 13.709 Thread 0x000001e532112380 5317   !   1       org.antlr.v4.runtime.atn.ParserATNSimulator::addDFAState (173 bytes)
Event: 13.710 Thread 0x000001e532112380 nmethod 5317 0x000001e5297ce410 code [0x000001e5297ce6e0, 0x000001e5297cf0e8]
Event: 13.716 Thread 0x000001e53214d960 5319       1       org.antlr.v4.runtime.atn.OrderedATNConfigSet$LexerConfigHashSet::<init> (8 bytes)
Event: 13.717 Thread 0x000001e532112380 5318       1       org.antlr.v4.runtime.atn.OrderedATNConfigSet::<init> (16 bytes)
Event: 13.717 Thread 0x000001e532ab86e0 5320       1       org.antlr.v4.runtime.atn.LexerATNSimulator::computeTargetState (59 bytes)
Event: 13.717 Thread 0x000001e53214d960 nmethod 5319 0x000001e5297cf890 code [0x000001e5297cfa40, 0x000001e5297cfb28]
Event: 13.717 Thread 0x000001e53214d960 5321   !   1       org.antlr.v4.runtime.atn.LexerATNSimulator::addDFAEdge (57 bytes)
Event: 13.717 Thread 0x000001e532112380 nmethod 5318 0x000001e5297cfc10 code [0x000001e5297cfdc0, 0x000001e5297cffb8]
Event: 13.717 Thread 0x000001e53214d960 nmethod 5321 0x000001e5297d0110 code [0x000001e5297d02c0, 0x000001e5297d0698]
Event: 13.718 Thread 0x000001e532ab86e0 nmethod 5320 0x000001e5297d0890 code [0x000001e5297d0a80, 0x000001e5297d0e48]
Event: 13.773 Thread 0x000001e532ab86e0 5322       1       org.antlr.v4.runtime.ParserRuleContext::addChild (9 bytes)
Event: 13.773 Thread 0x000001e532ab86e0 nmethod 5322 0x000001e5297d1090 code [0x000001e5297d1240, 0x000001e5297d1488]
Event: 13.776 Thread 0x000001e532ab86e0 5323       1       org.antlr.v4.runtime.CommonTokenStream::LB (69 bytes)
Event: 13.776 Thread 0x000001e532112380 5324       1       org.antlr.v4.runtime.BufferedTokenStream::previousTokenOnChannel (69 bytes)
Event: 13.776 Thread 0x000001e532ab86e0 nmethod 5323 0x000001e5297d1590 code [0x000001e5297d1760, 0x000001e5297d19b8]
Event: 13.776 Thread 0x000001e532112380 nmethod 5324 0x000001e5297d1a90 code [0x000001e5297d1c80, 0x000001e5297d1f98]

GC Heap History (20 events):
Event: 7.819 GC heap after
{Heap after GC invocations=11 (full 0):
 garbage-first heap   total 70656K, used 22797K [0x00000000a1c00000, 0x0000000100000000)
  region size 1024K, 3 young (3072K), 3 survivors (3072K)
 Metaspace       used 43265K, committed 43776K, reserved 1114112K
  class space    used 6233K, committed 6464K, reserved 1048576K
}
Event: 10.276 GC heap before
{Heap before GC invocations=11 (full 0):
 garbage-first heap   total 70656K, used 53517K [0x00000000a1c00000, 0x0000000100000000)
  region size 1024K, 34 young (34816K), 3 survivors (3072K)
 Metaspace       used 50482K, committed 51008K, reserved 1114112K
  class space    used 7410K, committed 7680K, reserved 1048576K
}
Event: 10.288 GC heap after
{Heap after GC invocations=12 (full 0):
 garbage-first heap   total 70656K, used 24331K [0x00000000a1c00000, 0x0000000100000000)
  region size 1024K, 4 young (4096K), 4 survivors (4096K)
 Metaspace       used 50482K, committed 51008K, reserved 1114112K
  class space    used 7410K, committed 7680K, reserved 1048576K
}
Event: 11.869 GC heap before
{Heap before GC invocations=12 (full 0):
 garbage-first heap   total 70656K, used 56075K [0x00000000a1c00000, 0x0000000100000000)
  region size 1024K, 35 young (35840K), 4 survivors (4096K)
 Metaspace       used 57279K, committed 57856K, reserved 1114112K
  class space    used 8372K, committed 8640K, reserved 1048576K
}
Event: 11.882 GC heap after
{Heap after GC invocations=13 (full 0):
 garbage-first heap   total 70656K, used 26144K [0x00000000a1c00000, 0x0000000100000000)
  region size 1024K, 4 young (4096K), 4 survivors (4096K)
 Metaspace       used 57279K, committed 57856K, reserved 1114112K
  class space    used 8372K, committed 8640K, reserved 1048576K
}
Event: 12.464 GC heap before
{Heap before GC invocations=13 (full 0):
 garbage-first heap   total 70656K, used 54816K [0x00000000a1c00000, 0x0000000100000000)
  region size 1024K, 32 young (32768K), 4 survivors (4096K)
 Metaspace       used 59345K, committed 59904K, reserved 1114112K
  class space    used 8811K, committed 9024K, reserved 1048576K
}
Event: 12.486 GC heap after
{Heap after GC invocations=14 (full 0):
 garbage-first heap   total 70656K, used 29866K [0x00000000a1c00000, 0x0000000100000000)
  region size 1024K, 4 young (4096K), 4 survivors (4096K)
 Metaspace       used 59345K, committed 59904K, reserved 1114112K
  class space    used 8811K, committed 9024K, reserved 1048576K
}
Event: 12.589 GC heap before
{Heap before GC invocations=14 (full 0):
 garbage-first heap   total 70656K, used 53418K [0x00000000a1c00000, 0x0000000100000000)
  region size 1024K, 28 young (28672K), 4 survivors (4096K)
 Metaspace       used 59345K, committed 59904K, reserved 1114112K
  class space    used 8811K, committed 9024K, reserved 1048576K
}
Event: 12.618 GC heap after
{Heap after GC invocations=15 (full 0):
 garbage-first heap   total 70656K, used 38403K [0x00000000a1c00000, 0x0000000100000000)
  region size 1024K, 4 young (4096K), 4 survivors (4096K)
 Metaspace       used 59345K, committed 59904K, reserved 1114112K
  class space    used 8811K, committed 9024K, reserved 1048576K
}
Event: 12.666 GC heap before
{Heap before GC invocations=15 (full 0):
 garbage-first heap   total 70656K, used 53763K [0x00000000a1c00000, 0x0000000100000000)
  region size 1024K, 19 young (19456K), 4 survivors (4096K)
 Metaspace       used 59346K, committed 59904K, reserved 1114112K
  class space    used 8811K, committed 9024K, reserved 1048576K
}
Event: 12.688 GC heap after
{Heap after GC invocations=16 (full 0):
 garbage-first heap   total 141312K, used 44544K [0x00000000a1c00000, 0x0000000100000000)
  region size 1024K, 3 young (3072K), 3 survivors (3072K)
 Metaspace       used 59346K, committed 59904K, reserved 1114112K
  class space    used 8811K, committed 9024K, reserved 1048576K
}
Event: 12.917 GC heap before
{Heap before GC invocations=17 (full 0):
 garbage-first heap   total 141312K, used 92672K [0x00000000a1c00000, 0x0000000100000000)
  region size 1024K, 49 young (50176K), 3 survivors (3072K)
 Metaspace       used 59346K, committed 59904K, reserved 1114112K
  class space    used 8811K, committed 9024K, reserved 1048576K
}
Event: 12.958 GC heap after
{Heap after GC invocations=18 (full 0):
 garbage-first heap   total 141312K, used 61881K [0x00000000a1c00000, 0x0000000100000000)
  region size 1024K, 7 young (7168K), 7 survivors (7168K)
 Metaspace       used 59346K, committed 59904K, reserved 1114112K
  class space    used 8811K, committed 9024K, reserved 1048576K
}
Event: 12.962 GC heap before
{Heap before GC invocations=18 (full 0):
 garbage-first heap   total 141312K, used 62905K [0x00000000a1c00000, 0x0000000100000000)
  region size 1024K, 8 young (8192K), 7 survivors (7168K)
 Metaspace       used 59346K, committed 59904K, reserved 1114112K
  class space    used 8811K, committed 9024K, reserved 1048576K
}
Event: 12.995 GC heap after
{Heap after GC invocations=19 (full 0):
 garbage-first heap   total 141312K, used 63488K [0x00000000a1c00000, 0x0000000100000000)
  region size 1024K, 1 young (1024K), 1 survivors (1024K)
 Metaspace       used 59346K, committed 59904K, reserved 1114112K
  class space    used 8811K, committed 9024K, reserved 1048576K
}
Event: 13.187 GC heap before
{Heap before GC invocations=19 (full 0):
 garbage-first heap   total 141312K, used 98304K [0x00000000a1c00000, 0x0000000100000000)
  region size 1024K, 35 young (35840K), 1 survivors (1024K)
 Metaspace       used 59346K, committed 59904K, reserved 1114112K
  class space    used 8811K, committed 9024K, reserved 1048576K
}
Event: 13.191 GC heap after
{Heap after GC invocations=20 (full 0):
 garbage-first heap   total 141312K, used 63347K [0x00000000a1c00000, 0x0000000100000000)
  region size 1024K, 1 young (1024K), 1 survivors (1024K)
 Metaspace       used 59346K, committed 59904K, reserved 1114112K
  class space    used 8811K, committed 9024K, reserved 1048576K
}
Event: 13.603 GC heap before
{Heap before GC invocations=20 (full 0):
 garbage-first heap   total 141312K, used 101235K [0x00000000a1c00000, 0x0000000100000000)
  region size 1024K, 38 young (38912K), 1 survivors (1024K)
 Metaspace       used 60691K, committed 61248K, reserved 1114112K
  class space    used 9188K, committed 9408K, reserved 1048576K
}
Event: 13.622 GC heap after
{Heap after GC invocations=21 (full 0):
 garbage-first heap   total 141312K, used 71082K [0x00000000a1c00000, 0x0000000100000000)
  region size 1024K, 5 young (5120K), 5 survivors (5120K)
 Metaspace       used 60691K, committed 61248K, reserved 1114112K
  class space    used 9188K, committed 9408K, reserved 1048576K
}
Event: 13.779 GC heap before
{Heap before GC invocations=21 (full 0):
 garbage-first heap   total 141312K, used 103850K [0x00000000a1c00000, 0x0000000100000000)
  region size 1024K, 37 young (37888K), 5 survivors (5120K)
 Metaspace       used 60699K, committed 61248K, reserved 1114112K
  class space    used 9188K, committed 9408K, reserved 1048576K
}

Dll operation events (11 events):
Event: 0.025 Loaded shared library C:\Program Files\Eclipse Adoptium\jdk-17.0.16.8-hotspot\bin\java.dll
Event: 0.061 Loaded shared library C:\Program Files\Eclipse Adoptium\jdk-17.0.16.8-hotspot\bin\jsvml.dll
Event: 0.222 Loaded shared library C:\Program Files\Eclipse Adoptium\jdk-17.0.16.8-hotspot\bin\net.dll
Event: 0.226 Loaded shared library C:\Program Files\Eclipse Adoptium\jdk-17.0.16.8-hotspot\bin\nio.dll
Event: 0.234 Loaded shared library C:\Program Files\Eclipse Adoptium\jdk-17.0.16.8-hotspot\bin\zip.dll
Event: 0.466 Loaded shared library C:\Program Files\Eclipse Adoptium\jdk-17.0.16.8-hotspot\bin\jimage.dll
Event: 2.753 Loaded shared library C:\Program Files\Eclipse Adoptium\jdk-17.0.16.8-hotspot\bin\sunmscapi.dll
Event: 5.289 Loaded shared library C:\Program Files\Eclipse Adoptium\jdk-17.0.16.8-hotspot\bin\management.dll
Event: 5.295 Loaded shared library C:\Program Files\Eclipse Adoptium\jdk-17.0.16.8-hotspot\bin\management_ext.dll
Event: 6.129 Loaded shared library C:\Program Files\Eclipse Adoptium\jdk-17.0.16.8-hotspot\bin\verify.dll
Event: 6.560 Loaded shared library C:\Program Files\Eclipse Adoptium\jdk-17.0.16.8-hotspot\bin\extnet.dll

Deoptimization events (4 events):
Event: 6.922 Thread 0x000001e578a3cd40 DEOPT PACKING pc=0x000001e529241717 sp=0x00000043006ff1d0
Event: 6.922 Thread 0x000001e578a3cd40 DEOPT UNPACKING pc=0x000001e528df7143 sp=0x00000043006fe628 mode 3
Event: 6.922 Thread 0x000001e52124a270 DEOPT PACKING pc=0x000001e529252001 sp=0x000000437e6f9b50
Event: 6.922 Thread 0x000001e52124a270 DEOPT UNPACKING pc=0x000001e528df7143 sp=0x000000437e6f8fe0 mode 3

Classes loaded (20 events):
Event: 11.772 Loading class java/util/regex/Pattern$1
Event: 11.772 Loading class java/util/regex/Pattern$1 done
Event: 11.824 Loading class java/util/regex/Pattern$Bound
Event: 11.825 Loading class java/util/regex/Pattern$Bound done
Event: 11.825 Loading class java/util/regex/Pattern$SliceI
Event: 11.825 Loading class java/util/regex/Pattern$SliceI done
Event: 11.826 Loading class java/util/regex/Pattern$LookBehindEndNode
Event: 11.826 Loading class java/util/regex/Pattern$LookBehindEndNode done
Event: 11.826 Loading class java/util/regex/Pattern$NotBehind
Event: 11.827 Loading class java/util/regex/Pattern$NotBehind done
Event: 11.827 Loading class java/util/regex/Pattern$Neg
Event: 11.827 Loading class java/util/regex/Pattern$Neg done
Event: 11.827 Loading class java/util/regex/Pattern$Behind
Event: 11.827 Loading class java/util/regex/Pattern$Behind done
Event: 11.996 Loading class java/util/EmptyStackException
Event: 11.996 Loading class java/util/EmptyStackException done
Event: 12.248 Loading class java/io/InvalidClassException
Event: 12.248 Loading class java/io/InvalidClassException done
Event: 12.285 Loading class java/util/ArrayList$ListItr
Event: 12.285 Loading class java/util/ArrayList$ListItr done

Classes unloaded (0 events):
No events

Classes redefined (0 events):
No events

Internal exceptions (20 events):
Event: 10.463 Thread 0x000001e52124a270 Exception <a 'java/lang/NoSuchMethodError'{0x00000000a5cab5b0}: 'int java.lang.invoke.DirectMethodHandle$Holder.invokeStatic(java.lang.Object, int, java.lang.Object)'> (0x00000000a5cab5b0) 
thrown [s\src\hotspot\share\interpreter\linkResolver.cpp, line 759]
Event: 10.466 Thread 0x000001e52124a270 Exception <a 'java/lang/NoSuchMethodError'{0x00000000a5ccd7c8}: 'java.lang.Object java.lang.invoke.DirectMethodHandle$Holder.newInvokeSpecial(java.lang.Object, java.lang.Object, java.lang.Object, java.lang.Object, java.lang.Object, int, java.lang.Object)'> (0x00000000a5ccd7c8) 
thrown [s\src\hotspot\share\interpreter\linkResolver.cpp, line 759]
Event: 10.472 Thread 0x000001e52124a270 Exception <a 'java/lang/NoSuchMethodError'{0x00000000a5b07a10}: 'java.lang.Object java.lang.invoke.DirectMethodHandle$Holder.newInvokeSpecial(java.lang.Object, java.lang.Object, java.lang.Object, java.lang.Object, java.lang.Object, java.lang.Object, java.lang.Object, java.lang.Object, java.lang.Object, java.lang.Object, java.lang.Object, java.lang.Object)'> (0x00000000a5b07a10) 
thrown [s\src\hotspot\share\interpreter\linkResolver.cpp, line 759]
Event: 10.472 Thread 0x000001e52124a270 Exception <a 'java/lang/NoSuchMethodError'{0x00000000a5b0cca0}: 'java.lang.Object java.lang.invoke.DirectMethodHandle$Holder.invokeSpecial(java.lang.Object, java.lang.Object, java.lang.Object, java.lang.Object, java.lang.Object, java.lang.Object, java.lang.Object, java.lang.Object, java.lang.Object, java.lang.Object, java.lang.Object, java.lang.Object, java.lang.Object)'> (0x00000000a5b0cca0) 
thrown [s\src\hotspot\share\interpreter\linkResolver.cpp, line 759]
Event: 10.473 Thread 0x000001e52124a270 Exception <a 'java/lang/NoSuchMethodError'{0x00000000a5b11bb0}: 'java.lang.Object java.lang.invoke.Invokers$Holder.linkToTargetMethod(java.lang.Object, java.lang.Object, java.lang.Object, java.lang.Object, java.lang.Object, java.lang.Object, java.lang.Object, java.lang.Object, java.lang.Object, java.lang.Object, java.lang.Object, java.lang.Object)'> (0x00000000a5b11bb0) 
thrown [s\src\hotspot\share\interpreter\linkResolver.cpp, line 759]
Event: 10.534 Thread 0x000001e52124a270 Exception <a 'java/lang/IncompatibleClassChangeError'{0x00000000a5acac50}: Found class java.lang.Object, but interface was expected> (0x00000000a5acac50) 
thrown [s\src\hotspot\share\interpreter\linkResolver.cpp, line 826]
Event: 10.550 Thread 0x000001e52124a270 Exception <a 'java/lang/NoSuchMethodError'{0x00000000a5954880}: 'java.lang.Object java.lang.invoke.DirectMethodHandle$Holder.newInvokeSpecial(java.lang.Object, java.lang.Object, int, java.lang.Object, int, java.lang.Object, java.lang.Object)'> (0x00000000a5954880) 
thrown [s\src\hotspot\share\interpreter\linkResolver.cpp, line 759]
Event: 10.557 Thread 0x000001e52124a270 Exception <a 'java/lang/NoSuchMethodError'{0x00000000a59a6d80}: 'java.lang.Object java.lang.invoke.DirectMethodHandle$Holder.newInvokeSpecial(java.lang.Object, java.lang.Object, java.lang.Object, java.lang.Object, java.lang.Object, java.lang.Object, java.lang.Object, int)'> (0x00000000a59a6d80) 
thrown [s\src\hotspot\share\interpreter\linkResolver.cpp, line 759]
Event: 10.557 Thread 0x000001e52124a270 Exception <a 'java/lang/NoSuchMethodError'{0x00000000a59ac570}: 'java.lang.Object java.lang.invoke.DirectMethodHandle$Holder.invokeSpecial(java.lang.Object, java.lang.Object, java.lang.Object, java.lang.Object, java.lang.Object, java.lang.Object, java.lang.Object, java.lang.Object, int)'> (0x00000000a59ac570) 
thrown [s\src\hotspot\share\interpreter\linkResolver.cpp, line 759]
Event: 10.557 Thread 0x000001e52124a270 Exception <a 'java/lang/NoSuchMethodError'{0x00000000a59b1830}: 'java.lang.Object java.lang.invoke.Invokers$Holder.linkToTargetMethod(java.lang.Object, java.lang.Object, java.lang.Object, java.lang.Object, java.lang.Object, java.lang.Object, int, java.lang.Object)'> (0x00000000a59b1830) 
thrown [s\src\hotspot\share\interpreter\linkResolver.cpp, line 759]
Event: 11.045 Thread 0x000001e52124a270 Exception <a 'java/lang/NoSuchMethodError'{0x00000000a53467a0}: 'java.lang.Object java.lang.invoke.DirectMethodHandle$Holder.invokeSpecial(java.lang.Object, java.lang.Object, int, java.lang.Object, int)'> (0x00000000a53467a0) 
thrown [s\src\hotspot\share\interpreter\linkResolver.cpp, line 759]
Event: 11.325 Thread 0x000001e52124a270 Exception <a 'java/lang/IncompatibleClassChangeError'{0x00000000a4f48ac0}: Found class java.lang.Object, but interface was expected> (0x00000000a4f48ac0) 
thrown [s\src\hotspot\share\interpreter\linkResolver.cpp, line 826]
Event: 11.386 Thread 0x000001e52124a270 Exception <a 'java/lang/IncompatibleClassChangeError'{0x00000000a4d04838}: Found class java.lang.Object, but interface was expected> (0x00000000a4d04838) 
thrown [s\src\hotspot\share\interpreter\linkResolver.cpp, line 826]
Event: 11.550 Thread 0x000001e52124a270 Exception <a 'java/lang/IncompatibleClassChangeError'{0x00000000a4954d18}: Found class java.lang.Object, but interface was expected> (0x00000000a4954d18) 
thrown [s\src\hotspot\share\interpreter\linkResolver.cpp, line 826]
Event: 11.740 Thread 0x000001e52124a270 Exception <a 'java/lang/reflect/InvocationTargetException'{0x00000000a442d7a8}> (0x00000000a442d7a8) 
thrown [s\src\hotspot\share\runtime\reflection.cpp, line 1128]
Event: 11.761 Thread 0x000001e52124a270 Exception <a 'java/lang/NoSuchMethodError'{0x00000000a44aa2d8}: 'int java.lang.invoke.DirectMethodHandle$Holder.invokeStatic(java.lang.Object, java.lang.Object, int)'> (0x00000000a44aa2d8) 
thrown [s\src\hotspot\share\interpreter\linkResolver.cpp, line 759]
Event: 11.774 Thread 0x000001e52124a270 Exception <a 'java/lang/IncompatibleClassChangeError'{0x00000000a44ef528}: Found class java.lang.Object, but interface was expected> (0x00000000a44ef528) 
thrown [s\src\hotspot\share\interpreter\linkResolver.cpp, line 826]
Event: 11.775 Thread 0x000001e52124a270 Exception <a 'java/lang/IncompatibleClassChangeError'{0x00000000a44f6058}: Found class java.lang.Object, but interface was expected> (0x00000000a44f6058) 
thrown [s\src\hotspot\share\interpreter\linkResolver.cpp, line 826]
Event: 11.858 Thread 0x000001e52124a270 Exception <a 'java/lang/NoSuchMethodError'{0x00000000a42c1f10}: 'java.lang.Object java.lang.invoke.DirectMethodHandle$Holder.invokeStatic(java.lang.Object, int, java.lang.Object)'> (0x00000000a42c1f10) 
thrown [s\src\hotspot\share\interpreter\linkResolver.cpp, line 759]
Event: 11.890 Thread 0x000001e52124a270 Exception <a 'java/lang/reflect/InvocationTargetException'{0x00000000a7b2ca68}> (0x00000000a7b2ca68) 
thrown [s\src\hotspot\share\runtime\reflection.cpp, line 1128]

VM Operations (20 events):
Event: 12.420 Executing VM operation: HandshakeAllThreads done
Event: 12.464 Executing VM operation: G1CollectForAllocation
Event: 12.487 Executing VM operation: G1CollectForAllocation done
Event: 12.589 Executing VM operation: G1CollectForAllocation
Event: 12.618 Executing VM operation: G1CollectForAllocation done
Event: 12.666 Executing VM operation: G1CollectForAllocation
Event: 12.688 Executing VM operation: G1CollectForAllocation done
Event: 12.731 Executing VM operation: G1PauseRemark
Event: 12.737 Executing VM operation: G1PauseRemark done
Event: 12.764 Executing VM operation: G1PauseCleanup
Event: 12.764 Executing VM operation: G1PauseCleanup done
Event: 12.916 Executing VM operation: G1CollectForAllocation
Event: 12.958 Executing VM operation: G1CollectForAllocation done
Event: 12.962 Executing VM operation: G1CollectForAllocation
Event: 12.995 Executing VM operation: G1CollectForAllocation done
Event: 13.187 Executing VM operation: G1CollectForAllocation
Event: 13.191 Executing VM operation: G1CollectForAllocation done
Event: 13.603 Executing VM operation: G1CollectForAllocation
Event: 13.622 Executing VM operation: G1CollectForAllocation done
Event: 13.778 Executing VM operation: G1CollectForAllocation

Memory protections (0 events):
No events

Nmethod flushes (0 events):
No events

Events (20 events):
Event: 0.067 Thread 0x000001e52124a270 Thread added: 0x000001e53212a4d0
Event: 0.088 Thread 0x000001e52124a270 Thread added: 0x000001e532149240
Event: 0.088 Thread 0x000001e52124a270 Thread added: 0x000001e532149c00
Event: 0.088 Thread 0x000001e52124a270 Thread added: 0x000001e53214c5e0
Event: 0.088 Thread 0x000001e52124a270 Thread added: 0x000001e53214cfa0
Event: 0.088 Thread 0x000001e52124a270 Thread added: 0x000001e53214d960
Event: 0.088 Thread 0x000001e52124a270 Thread added: 0x000001e532157890
Event: 0.198 Thread 0x000001e53214d960 Thread added: 0x000001e532112380
Event: 0.207 Thread 0x000001e52124a270 Thread added: 0x000001e5323cc8a0
Event: 0.213 Thread 0x000001e52124a270 Thread added: 0x000001e5323d11f0
Event: 1.014 Thread 0x000001e532112380 Thread added: 0x000001e532ab86e0
Event: 1.705 Thread 0x000001e52124a270 Thread added: 0x000001e532bbb130
Event: 2.326 Thread 0x000001e532112380 Thread added: 0x000001e57808a400
Event: 2.462 Thread 0x000001e52124a270 Thread added: 0x000001e578146fa0
Event: 2.512 Thread 0x000001e578146fa0 Thread exited: 0x000001e578146fa0
Event: 2.767 Thread 0x000001e532bbb130 Thread exited: 0x000001e532bbb130
Event: 6.901 Thread 0x000001e52124a270 Thread added: 0x000001e578a3c460
Event: 6.921 Thread 0x000001e52124a270 Thread added: 0x000001e578a3cd40
Event: 7.038 Thread 0x000001e578a3cd40 Thread added: 0x000001e578aa0650
Event: 9.690 Thread 0x000001e57808a400 Thread exited: 0x000001e57808a400


Dynamic libraries:
0x00007ff7ddc70000 - 0x00007ff7ddc7e000 	C:\Program Files\Eclipse Adoptium\jdk-17.0.16.8-hotspot\bin\java.exe
0x00007ff8374c0000 - 0x00007ff837726000 	C:\WINDOWS\SYSTEM32\ntdll.dll
0x00007ff8371b0000 - 0x00007ff837279000 	C:\WINDOWS\System32\KERNEL32.DLL
0x00007ff834d80000 - 0x00007ff83517a000 	C:\WINDOWS\System32\KERNELBASE.dll
0x00007ff834c30000 - 0x00007ff834d7c000 	C:\WINDOWS\System32\ucrtbase.dll
0x00007ff80b9e0000 - 0x00007ff80b9f7000 	C:\Program Files\Eclipse Adoptium\jdk-17.0.16.8-hotspot\bin\jli.dll
0x00007ff80b310000 - 0x00007ff80b32e000 	C:\Program Files\Eclipse Adoptium\jdk-17.0.16.8-hotspot\bin\VCRUNTIME140.dll
0x00007ff8368f0000 - 0x00007ff836ab7000 	C:\WINDOWS\System32\USER32.dll
0x00007ff834880000 - 0x00007ff8348a7000 	C:\WINDOWS\System32\win32u.dll
0x00007ff822010000 - 0x00007ff8222a2000 	C:\WINDOWS\WinSxS\amd64_microsoft.windows.common-controls_6595b64144ccf1df_6.0.26100.8521_none_3e08b75ce33403b3\COMCTL32.dll
0x00007ff835c10000 - 0x00007ff835cb9000 	C:\WINDOWS\System32\msvcrt.dll
0x00007ff835d90000 - 0x00007ff835dbb000 	C:\WINDOWS\System32\GDI32.dll
0x00007ff834750000 - 0x00007ff83487b000 	C:\WINDOWS\System32\gdi32full.dll
0x00007ff835180000 - 0x00007ff835223000 	C:\WINDOWS\System32\msvcp_win.dll
0x00007ff837440000 - 0x00007ff837472000 	C:\WINDOWS\System32\IMM32.DLL
0x00007ff824aa0000 - 0x00007ff824aac000 	C:\Program Files\Eclipse Adoptium\jdk-17.0.16.8-hotspot\bin\vcruntime140_1.dll
0x00007ffff7800000 - 0x00007ffff788d000 	C:\Program Files\Eclipse Adoptium\jdk-17.0.16.8-hotspot\bin\msvcp140.dll
0x00007fffef930000 - 0x00007ffff059b000 	C:\Program Files\Eclipse Adoptium\jdk-17.0.16.8-hotspot\bin\server\jvm.dll
0x00007ff837380000 - 0x00007ff837436000 	C:\WINDOWS\System32\ADVAPI32.dll
0x00007ff835a90000 - 0x00007ff835b3a000 	C:\WINDOWS\System32\sechost.dll
0x00007ff835970000 - 0x00007ff835a88000 	C:\WINDOWS\System32\RPCRT4.dll
0x00007ff835800000 - 0x00007ff835880000 	C:\WINDOWS\System32\WS2_32.dll
0x00007ff8345d0000 - 0x00007ff83462e000 	C:\WINDOWS\SYSTEM32\POWRPROF.dll
0x00007ff82d010000 - 0x00007ff82d01b000 	C:\WINDOWS\SYSTEM32\VERSION.dll
0x00007ff82cfd0000 - 0x00007ff82d006000 	C:\WINDOWS\SYSTEM32\WINMM.dll
0x00007ff834590000 - 0x00007ff8345a4000 	C:\WINDOWS\SYSTEM32\UMPDC.dll
0x00007ff8334e0000 - 0x00007ff8334fb000 	C:\WINDOWS\SYSTEM32\kernel.appcore.dll
0x00007ff811b90000 - 0x00007ff811b9a000 	C:\Program Files\Eclipse Adoptium\jdk-17.0.16.8-hotspot\bin\jimage.dll
0x00007ff829430000 - 0x00007ff829672000 	C:\WINDOWS\SYSTEM32\DBGHELP.DLL
0x00007ff836560000 - 0x00007ff8368e3000 	C:\WINDOWS\System32\combase.dll
0x00007ff835890000 - 0x00007ff835969000 	C:\WINDOWS\System32\OLEAUT32.dll
0x00007ff81d240000 - 0x00007ff81d27b000 	C:\WINDOWS\SYSTEM32\dbgcore.DLL
0x00007ff834b80000 - 0x00007ff834c28000 	C:\WINDOWS\System32\bcryptPrimitives.dll
0x00007ff8071c0000 - 0x00007ff8071e5000 	C:\Program Files\Eclipse Adoptium\jdk-17.0.16.8-hotspot\bin\java.dll
0x00007ffff7670000 - 0x00007ffff7747000 	C:\Program Files\Eclipse Adoptium\jdk-17.0.16.8-hotspot\bin\jsvml.dll
0x00007ff835dd0000 - 0x00007ff836554000 	C:\WINDOWS\System32\SHELL32.dll
0x00007ff832350000 - 0x00007ff832bd0000 	C:\WINDOWS\SYSTEM32\windows.storage.dll
0x00007ff8370b0000 - 0x00007ff8371a6000 	C:\WINDOWS\System32\SHCORE.dll
0x00007ff835cc0000 - 0x00007ff835d27000 	C:\WINDOWS\System32\shlwapi.dll
0x00007ff834670000 - 0x00007ff834699000 	C:\WINDOWS\SYSTEM32\profapi.dll
0x00007ff80aac0000 - 0x00007ff80aad9000 	C:\Program Files\Eclipse Adoptium\jdk-17.0.16.8-hotspot\bin\net.dll
0x00007ff82a110000 - 0x00007ff82a239000 	C:\WINDOWS\SYSTEM32\WINHTTP.dll
0x00007ff833a50000 - 0x00007ff833abc000 	C:\WINDOWS\system32\mswsock.dll
0x00007ff8060a0000 - 0x00007ff8060b6000 	C:\Program Files\Eclipse Adoptium\jdk-17.0.16.8-hotspot\bin\nio.dll
0x00007ff803b40000 - 0x00007ff803b58000 	C:\Program Files\Eclipse Adoptium\jdk-17.0.16.8-hotspot\bin\zip.dll
0x00007ff8112e0000 - 0x00007ff8112ee000 	C:\Program Files\Eclipse Adoptium\jdk-17.0.16.8-hotspot\bin\sunmscapi.dll
0x00007ff834970000 - 0x00007ff834ae8000 	C:\WINDOWS\System32\CRYPT32.dll
0x00007ff833f50000 - 0x00007ff833f80000 	C:\WINDOWS\SYSTEM32\ncrypt.dll
0x00007ff833f00000 - 0x00007ff833f3f000 	C:\WINDOWS\SYSTEM32\NTASN1.dll
0x00007ff833d30000 - 0x00007ff833d4b000 	C:\WINDOWS\SYSTEM32\CRYPTSP.dll
0x00007ff833440000 - 0x00007ff833479000 	C:\WINDOWS\system32\rsaenh.dll
0x00007ff833b00000 - 0x00007ff833b33000 	C:\WINDOWS\SYSTEM32\USERENV.dll
0x00007ff834640000 - 0x00007ff83466a000 	C:\WINDOWS\SYSTEM32\bcrypt.dll
0x00007ff833d50000 - 0x00007ff833d5c000 	C:\WINDOWS\SYSTEM32\CRYPTBASE.dll
0x00007ff832ee0000 - 0x00007ff832f13000 	C:\WINDOWS\SYSTEM32\IPHLPAPI.DLL
0x00007ff837020000 - 0x00007ff83702a000 	C:\WINDOWS\System32\NSI.dll
0x00007ff82a0f0000 - 0x00007ff82a10d000 	C:\WINDOWS\SYSTEM32\dhcpcsvc6.DLL
0x00007ff82a0c0000 - 0x00007ff82a0e5000 	C:\WINDOWS\SYSTEM32\dhcpcsvc.DLL
0x00007ff832f70000 - 0x00007ff8330ba000 	C:\WINDOWS\SYSTEM32\DNSAPI.dll
0x00007ff833870000 - 0x00007ff83387d000 	C:\WINDOWS\SYSTEM32\DSPARSE.dll
0x00007ff80bb90000 - 0x00007ff80bb9a000 	C:\Program Files\Eclipse Adoptium\jdk-17.0.16.8-hotspot\bin\management.dll
0x00007ff80bb80000 - 0x00007ff80bb8b000 	C:\Program Files\Eclipse Adoptium\jdk-17.0.16.8-hotspot\bin\management_ext.dll
0x00007ff836ac0000 - 0x00007ff836ac8000 	C:\WINDOWS\System32\PSAPI.DLL
0x00007ff811b70000 - 0x00007ff811b80000 	C:\Program Files\Eclipse Adoptium\jdk-17.0.16.8-hotspot\bin\verify.dll
0x00007ff828170000 - 0x00007ff82817b000 	C:\Windows\System32\rasadhlp.dll
0x00007ff828ff0000 - 0x00007ff829076000 	C:\WINDOWS\System32\fwpuclnt.dll
0x00007ff80b9d0000 - 0x00007ff80b9d9000 	C:\Program Files\Eclipse Adoptium\jdk-17.0.16.8-hotspot\bin\extnet.dll

dbghelp: loaded successfully - version: 4.0.5 - missing functions: none
symbol engine: initialized successfully - sym options: 0x614 - pdb path: .;C:\Program Files\Eclipse Adoptium\jdk-17.0.16.8-hotspot\bin;C:\WINDOWS\SYSTEM32;C:\WINDOWS\WinSxS\amd64_microsoft.windows.common-controls_6595b64144ccf1df_6.0.26100.8521_none_3e08b75ce33403b3;C:\Program Files\Eclipse Adoptium\jdk-17.0.16.8-hotspot\bin\server

VM Arguments:
jvm_args: -XX:TieredStopAtLevel=1 
java_command: com.example.demo.DemoApplication
java_class_path (initial): C:\Jesmin Sheladiya\react project\demo\target\classes;C:\Users\DELL\.m2\repository\org\springframework\boot\spring-boot\3.5.5\spring-boot-3.5.5.jar;C:\Users\DELL\.m2\repository\org\springframework\boot\spring-boot-autoconfigure\3.5.5\spring-boot-autoconfigure-3.5.5.jar;C:\Users\DELL\.m2\repository\ch\qos\logback\logback-classic\1.5.18\logback-classic-1.5.18.jar;C:\Users\DELL\.m2\repository\ch\qos\logback\logback-core\1.5.18\logback-core-1.5.18.jar;C:\Users\DELL\.m2\repository\org\apache\logging\log4j\log4j-to-slf4j\2.24.3\log4j-to-slf4j-2.24.3.jar;C:\Users\DELL\.m2\repository\org\apache\logging\log4j\log4j-api\2.24.3\log4j-api-2.24.3.jar;C:\Users\DELL\.m2\repository\org\slf4j\jul-to-slf4j\2.0.17\jul-to-slf4j-2.0.17.jar;C:\Users\DELL\.m2\repository\jakarta\annotation\jakarta.annotation-api\2.1.1\jakarta.annotation-api-2.1.1.jar;C:\Users\DELL\.m2\repository\org\yaml\snakeyaml\2.4\snakeyaml-2.4.jar;C:\Users\DELL\.m2\repository\com\zaxxer\HikariCP\6.3.2\HikariCP-6.3.2.jar;C:\Users\DELL\.m2\repository\org\springframework\spring-jdbc\6.2.10\spring-jdbc-6.2.10.jar;C:\Users\DELL\.m2\repository\org\hibernate\orm\hibernate-core\6.6.26.Final\hibernate-core-6.6.26.Final.jar;C:\Users\DELL\.m2\repository\jakarta\persistence\jakarta.persistence-api\3.1.0\jakarta.persistence-api-3.1.0.jar;C:\Users\DELL\.m2\repository\jakarta\transaction\jakarta.transaction-api\2.0.1\jakarta.transaction-api-2.0.1.jar;C:\Users\DELL\.m2\repository\org\jboss\logging\jboss-logging\3.6.1.Final\jboss-logging-3.6.1.Final.jar;C:\Users\DELL\.m2\repository\org\hibernate\common\hibernate-commons-annotations\7.0.3.Final\hibernate-commons-annotations-7.0.3.Final.jar;C:\Users\DELL\.m2\repository\io\smallrye\jandex\3.2.0\jandex-3.2.0.jar;C:\Users\DELL\.m2\repository\com\fasterxml\classmate\1.7.0\classmate-1.7.0.jar;C:\Users\DELL\.m2\repository\net\bytebuddy\byte-buddy\1.17.7\byte-buddy-1.17.7.jar;C:\Users\DELL\.m2\repository\org\glassfish\jaxb\jaxb-runtime\4.0.5\jaxb-runtime-4.0.5.jar;
Launcher Type: SUN_STANDARD

[Global flags]
     intx CICompilerCount                          = 4                                         {product} {ergonomic}
     uint ConcGCThreads                            = 2                                         {product} {ergonomic}
     uint G1ConcRefinementThreads                  = 8                                         {product} {ergonomic}
   size_t G1HeapRegionSize                         = 1048576                                   {product} {ergonomic}
    uintx GCDrainStackTargetSize                   = 64                                        {product} {ergonomic}
   size_t InitialHeapSize                          = 100663296                                 {product} {ergonomic}
   size_t MarkStackSize                            = 4194304                                   {product} {ergonomic}
   size_t MaxHeapSize                              = 1581252608                                {product} {ergonomic}
   size_t MaxNewSize                               = 947912704                                 {product} {ergonomic}
   size_t MinHeapDeltaBytes                        = 1048576                                   {product} {ergonomic}
   size_t MinHeapSize                              = 8388608                                   {product} {ergonomic}
    uintx NonProfiledCodeHeapSize                  = 0                                      {pd product} {ergonomic}
     bool ProfileInterpreter                       = false                                  {pd product} {command line}
    uintx ProfiledCodeHeapSize                     = 0                                      {pd product} {ergonomic}
   size_t SoftMaxHeapSize                          = 1581252608                             {manageable} {ergonomic}
     intx TieredStopAtLevel                        = 1                                         {product} {command line}
     bool UseCompressedClassPointers               = true                           {product lp64_product} {ergonomic}
     bool UseCompressedOops                        = true                           {product lp64_product} {ergonomic}
     bool UseG1GC                                  = true                                      {product} {ergonomic}
     bool UseLargePagesIndividualAllocation        = false                                  {pd product} {ergonomic}

Logging:
Log output configuration:
 #0: stdout all=warning uptime,level,tags
 #1: stderr all=off uptime,level,tags

Environment Variables:
JAVA_HOME=C:\Program Files\Eclipse Adoptium\jdk-17.0.16.8-hotspot
PATH=C:\Program Files\Eclipse Adoptium\jdk-17.0.16.8-hotspot\bin;C:\Program Files (x86)\Common Files\Oracle\Java\java8path;C:\Program Files (x86)\Common Files\Oracle\Java\javapath;C:\Program Files\nodejs\;C:\Program Files\apache-maven-3.9.11\bin;C:\Program Files\Eclipse Adoptium\jdk-17\bin;C:\Program Files\Eclipse Adoptium\jdk-17.0.16.8-hotspot\bin;;C:\WINDOWS\system32;C:\WINDOWS;C:\WINDOWS\System32\Wbem;C:\WINDOWS\System32\WindowsPowerShell\v1.0\;C:\WINDOWS\System32\OpenSSH\;C:\Program Files\dotnet\;C:\Program Files\PowerToys\DSCModules\;C:\Ruby32-x64\bin;C:\Users\DELL\AppData\Local\Microsoft\WindowsApps;C:\Users\DELL\AppData\Local\Programs\Microsoft VS Code\bin;C:\Users\DELL\AppData\Local\GitHubDesktop\bin;C:\Program Files\Java\jdk1.8.0_202\bin;C:\Users\DELL\AppData\Roaming\npm;C:\Users\DELL\AppData\Local\Programs\Antigravity IDE\bin
USERNAME=DELL
OS=Windows_NT
PROCESSOR_IDENTIFIER=AMD64 Family 23 Model 24 Stepping 1, AuthenticAMD
TMP=C:\Users\DELL\AppData\Local\Temp
TEMP=C:\Users\DELL\AppData\Local\Temp



Periodic native trim disabled


---------------  S Y S T E M  ---------------

OS:
 Windows 11 , 64 bit Build 26100 (10.0.26100.8521)
OS uptime: 10 days 0:15 hours

CPU: total 8 (initial active 8) (8 cores per cpu, 2 threads per core) family 23 model 24 stepping 1 microcode 0x810810d, cx8, cmov, fxsr, ht, mmx, 3dnowpref, sse, sse2, sse3, ssse3, sse4a, sse4.1, sse4.2, popcnt, lzcnt, tsc, tscinvbit, avx, avx2, aes, clmul, bmi1, bmi2, adx, sha, fma, vzeroupper, clflush, clflushopt
Processor Information for all 8 processors :
  Max Mhz: 2100, Current Mhz: 2100, Mhz Limit: 2100

Memory: 4k page, system-wide physical 6030M (367M free)
TotalPageFile size 24455M (AvailPageFile size 156M)
current process WorkingSet (physical memory assigned to process): 267M, peak: 267M
current process commit charge ("private bytes"): 316M, peak: 592M

vm_info: OpenJDK 64-Bit Server VM (17.0.16+8) for windows-amd64 JRE (17.0.16+8), built on Jul 16 2025 10:37:56 by "admin" with MS VC++ 17.7 (VS2022)

END.
